Component: Arm Compiler for Embedded 6.23 Tool: armlink [5f102400]

==============================================================================

Section Cross References

    system_py32f0xx.o(.text.SystemCoreClockUpdate) refers to system_py32f0xx.o(.rodata.HSIFreqTable) for HSIFreqTable
    system_py32f0xx.o(.text.SystemCoreClockUpdate) refers to system_py32f0xx.o(.data.SystemCoreClock) for SystemCoreClock
    system_py32f0xx.o(.text.SystemCoreClockUpdate) refers to system_py32f0xx.o(.rodata.AHBPrescTable) for AHBPrescTable
    system_py32f0xx.o(.ARM.exidx.text.SystemCoreClockUpdate) refers to system_py32f0xx.o(.text.SystemCoreClockUpdate) for [Anonymous Symbol]
    system_py32f0xx.o(.ARM.exidx.text.SystemInit) refers to system_py32f0xx.o(.text.SystemInit) for [Anonymous Symbol]
    system_py32f0xx.o(.text.$Sub$$main) refers to main.o(.text.main) for $Super$$main
    system_py32f0xx.o(.text.$Sub$$main) refers to system_py32f0xx.o(.ARM.__at_0x20000000) for VECT_SRAM_TAB
    system_py32f0xx.o(.ARM.exidx.text.$Sub$$main) refers to system_py32f0xx.o(.text.$Sub$$main) for [Anonymous Symbol]
    startup_py32f030xx.o(RESET) refers to startup_py32f030xx.o(STACK) for __initial_sp
    startup_py32f030xx.o(RESET) refers to startup_py32f030xx.o(.text) for Reset_Handler
    startup_py32f030xx.o(RESET) refers to py32f0xx_it.o(.text.NMI_Handler) for NMI_Handler
    startup_py32f030xx.o(RESET) refers to py32f0xx_it.o(.text.HardFault_Handler) for HardFault_Handler
    startup_py32f030xx.o(RESET) refers to py32f0xx_it.o(.text.SVC_Handler) for SVC_Handler
    startup_py32f030xx.o(RESET) refers to py32f0xx_it.o(.text.PendSV_Handler) for PendSV_Handler
    startup_py32f030xx.o(RESET) refers to py32f0xx_it.o(.text.SysTick_Handler) for SysTick_Handler
    startup_py32f030xx.o(RESET) refers to py32f0xx_it.o(.text.I2C1_IRQHandler) for I2C1_IRQHandler
    startup_py32f030xx.o(.text) refers to system_py32f0xx.o(.text.SystemInit) for SystemInit
    startup_py32f030xx.o(.text) refers to entry.o(.ARM.Collect$$$$00000000) for __main
    main.o(.text.main) refers to py32f0xx_ll_utils.o(.text.LL_Init1msTick) for LL_Init1msTick
    main.o(.text.main) refers to py32f0xx_ll_utils.o(.text.LL_SetSystemCoreClock) for LL_SetSystemCoreClock
    main.o(.text.main) refers to py32f030xx_ll_start_kit.o(.text.BSP_PB_Init) for BSP_PB_Init
    main.o(.text.main) refers to py32f0xx_ll_gpio.o(.text.LL_GPIO_Init) for LL_GPIO_Init
    main.o(.text.main) refers to py32f0xx_ll_i2c.o(.text.LL_I2C_Init) for LL_I2C_Init
    main.o(.text.main) refers to py32f030xx_ll_start_kit.o(.text.BSP_PB_GetState) for BSP_PB_GetState
    main.o(.text.main) refers to main.o(.bss.XferCount) for XferCount
    main.o(.text.main) refers to main.o(.bss.Devaddress) for Devaddress
    main.o(.text.main) refers to main.o(.bss.State) for State
    main.o(.text.main) refers to main.o(.bss.pBuffPtr) for pBuffPtr
    main.o(.text.main) refers to main.o(.data.aTxBuffer) for aTxBuffer
    main.o(.text.main) refers to main.o(.bss.aRxBuffer) for aRxBuffer
    main.o(.ARM.exidx.text.main) refers to main.o(.text.main) for [Anonymous Symbol]
    main.o(.text.SystemClock_Config) refers to py32f0xx_ll_utils.o(.text.LL_Init1msTick) for LL_Init1msTick
    main.o(.text.SystemClock_Config) refers to py32f0xx_ll_utils.o(.text.LL_SetSystemCoreClock) for LL_SetSystemCoreClock
    main.o(.ARM.exidx.text.SystemClock_Config) refers to main.o(.text.SystemClock_Config) for [Anonymous Symbol]
    main.o(.ARM.exidx.text.Error_Handler) refers to main.o(.text.Error_Handler) for [Anonymous Symbol]
    main.o(.text.APP_MasterIRQCallback) refers to main.o(.bss.State) for State
    main.o(.text.APP_MasterIRQCallback) refers to main.o(.bss.Devaddress) for Devaddress
    main.o(.text.APP_MasterIRQCallback) refers to main.o(.bss.XferCount) for XferCount
    main.o(.text.APP_MasterIRQCallback) refers to main.o(.bss.pBuffPtr) for pBuffPtr
    main.o(.ARM.exidx.text.APP_MasterIRQCallback) refers to main.o(.text.APP_MasterIRQCallback) for [Anonymous Symbol]
    py32f0xx_it.o(.ARM.exidx.text.NMI_Handler) refers to py32f0xx_it.o(.text.NMI_Handler) for [Anonymous Symbol]
    py32f0xx_it.o(.ARM.exidx.text.HardFault_Handler) refers to py32f0xx_it.o(.text.HardFault_Handler) for [Anonymous Symbol]
    py32f0xx_it.o(.ARM.exidx.text.SVC_Handler) refers to py32f0xx_it.o(.text.SVC_Handler) for [Anonymous Symbol]
    py32f0xx_it.o(.ARM.exidx.text.PendSV_Handler) refers to py32f0xx_it.o(.text.PendSV_Handler) for [Anonymous Symbol]
    py32f0xx_it.o(.ARM.exidx.text.SysTick_Handler) refers to py32f0xx_it.o(.text.SysTick_Handler) for [Anonymous Symbol]
    py32f0xx_it.o(.text.I2C1_IRQHandler) refers to main.o(.text.APP_MasterIRQCallback) for APP_MasterIRQCallback
    py32f0xx_it.o(.ARM.exidx.text.I2C1_IRQHandler) refers to py32f0xx_it.o(.text.I2C1_IRQHandler) for [Anonymous Symbol]
    py32f030xx_ll_start_kit.o(.ARM.exidx.text.BSP_GetVersion) refers to py32f030xx_ll_start_kit.o(.text.BSP_GetVersion) for [Anonymous Symbol]
    py32f030xx_ll_start_kit.o(.text.BSP_LED_Init) refers to py32f030xx_ll_start_kit.o(.data.LED_PORT) for LED_PORT
    py32f030xx_ll_start_kit.o(.ARM.exidx.text.BSP_LED_Init) refers to py32f030xx_ll_start_kit.o(.text.BSP_LED_Init) for [Anonymous Symbol]
    py32f030xx_ll_start_kit.o(.text.BSP_LED_DeInit) refers to py32f030xx_ll_start_kit.o(.data.LED_PORT) for LED_PORT
    py32f030xx_ll_start_kit.o(.ARM.exidx.text.BSP_LED_DeInit) refers to py32f030xx_ll_start_kit.o(.text.BSP_LED_DeInit) for [Anonymous Symbol]
    py32f030xx_ll_start_kit.o(.text.BSP_LED_On) refers to py32f030xx_ll_start_kit.o(.data.LED_PORT) for LED_PORT
    py32f030xx_ll_start_kit.o(.ARM.exidx.text.BSP_LED_On) refers to py32f030xx_ll_start_kit.o(.text.BSP_LED_On) for [Anonymous Symbol]
    py32f030xx_ll_start_kit.o(.text.BSP_LED_Off) refers to py32f030xx_ll_start_kit.o(.data.LED_PORT) for LED_PORT
    py32f030xx_ll_start_kit.o(.ARM.exidx.text.BSP_LED_Off) refers to py32f030xx_ll_start_kit.o(.text.BSP_LED_Off) for [Anonymous Symbol]
    py32f030xx_ll_start_kit.o(.text.BSP_LED_Toggle) refers to py32f030xx_ll_start_kit.o(.data.LED_PORT) for LED_PORT
    py32f030xx_ll_start_kit.o(.ARM.exidx.text.BSP_LED_Toggle) refers to py32f030xx_ll_start_kit.o(.text.BSP_LED_Toggle) for [Anonymous Symbol]
    py32f030xx_ll_start_kit.o(.text.BSP_PB_Init) refers to py32f030xx_ll_start_kit.o(.data.BUTTON_PORT) for BUTTON_PORT
    py32f030xx_ll_start_kit.o(.ARM.exidx.text.BSP_PB_Init) refers to py32f030xx_ll_start_kit.o(.text.BSP_PB_Init) for [Anonymous Symbol]
    py32f030xx_ll_start_kit.o(.text.BSP_PB_DeInit) refers to py32f030xx_ll_start_kit.o(.data.BUTTON_PORT) for BUTTON_PORT
    py32f030xx_ll_start_kit.o(.ARM.exidx.text.BSP_PB_DeInit) refers to py32f030xx_ll_start_kit.o(.text.BSP_PB_DeInit) for [Anonymous Symbol]
    py32f030xx_ll_start_kit.o(.text.BSP_PB_GetState) refers to py32f030xx_ll_start_kit.o(.data.BUTTON_PORT) for BUTTON_PORT
    py32f030xx_ll_start_kit.o(.ARM.exidx.text.BSP_PB_GetState) refers to py32f030xx_ll_start_kit.o(.text.BSP_PB_GetState) for [Anonymous Symbol]
    py32f030xx_ll_start_kit.o(.text.BSP_USART_Config) refers to uidiv_div0.o(.text) for __aeabi_uidiv
    py32f030xx_ll_start_kit.o(.text.BSP_USART_Config) refers to system_py32f0xx.o(.data.SystemCoreClock) for SystemCoreClock
    py32f030xx_ll_start_kit.o(.ARM.exidx.text.BSP_USART_Config) refers to py32f030xx_ll_start_kit.o(.text.BSP_USART_Config) for [Anonymous Symbol]
    py32f0xx_ll_utils.o(.text.LL_Init1msTick) refers to uidiv_div0.o(.text) for __aeabi_uidiv
    py32f0xx_ll_utils.o(.ARM.exidx.text.LL_Init1msTick) refers to py32f0xx_ll_utils.o(.text.LL_Init1msTick) for [Anonymous Symbol]
    py32f0xx_ll_utils.o(.ARM.exidx.text.LL_mDelay) refers to py32f0xx_ll_utils.o(.text.LL_mDelay) for [Anonymous Symbol]
    py32f0xx_ll_utils.o(.text.LL_SetSystemCoreClock) refers to system_py32f0xx.o(.data.SystemCoreClock) for SystemCoreClock
    py32f0xx_ll_utils.o(.ARM.exidx.text.LL_SetSystemCoreClock) refers to py32f0xx_ll_utils.o(.text.LL_SetSystemCoreClock) for [Anonymous Symbol]
    py32f0xx_ll_utils.o(.text.LL_PLL_ConfigSystemClock_HSI) refers to py32f0xx_ll_utils.o(.text.UTILS_EnablePLLAndSwitchSystem) for UTILS_EnablePLLAndSwitchSystem
    py32f0xx_ll_utils.o(.text.LL_PLL_ConfigSystemClock_HSI) refers to system_py32f0xx.o(.rodata.HSIFreqTable) for HSIFreqTable
    py32f0xx_ll_utils.o(.ARM.exidx.text.LL_PLL_ConfigSystemClock_HSI) refers to py32f0xx_ll_utils.o(.text.LL_PLL_ConfigSystemClock_HSI) for [Anonymous Symbol]
    py32f0xx_ll_utils.o(.text.UTILS_EnablePLLAndSwitchSystem) refers to system_py32f0xx.o(.rodata.AHBPrescTable) for AHBPrescTable
    py32f0xx_ll_utils.o(.text.UTILS_EnablePLLAndSwitchSystem) refers to system_py32f0xx.o(.data.SystemCoreClock) for SystemCoreClock
    py32f0xx_ll_utils.o(.ARM.exidx.text.UTILS_EnablePLLAndSwitchSystem) refers to py32f0xx_ll_utils.o(.text.UTILS_EnablePLLAndSwitchSystem) for [Anonymous Symbol]
    py32f0xx_ll_utils.o(.text.LL_PLL_ConfigSystemClock_HSE) refers to py32f0xx_ll_utils.o(.text.UTILS_EnablePLLAndSwitchSystem) for UTILS_EnablePLLAndSwitchSystem
    py32f0xx_ll_utils.o(.ARM.exidx.text.LL_PLL_ConfigSystemClock_HSE) refers to py32f0xx_ll_utils.o(.text.LL_PLL_ConfigSystemClock_HSE) for [Anonymous Symbol]
    py32f0xx_ll_utils.o(.ARM.exidx.text.LL_SetFlashLatency) refers to py32f0xx_ll_utils.o(.text.LL_SetFlashLatency) for [Anonymous Symbol]
    py32f0xx_ll_gpio.o(.ARM.exidx.text.LL_GPIO_DeInit) refers to py32f0xx_ll_gpio.o(.text.LL_GPIO_DeInit) for [Anonymous Symbol]
    py32f0xx_ll_gpio.o(.ARM.exidx.text.LL_GPIO_Init) refers to py32f0xx_ll_gpio.o(.text.LL_GPIO_Init) for [Anonymous Symbol]
    py32f0xx_ll_gpio.o(.ARM.exidx.text.LL_GPIO_StructInit) refers to py32f0xx_ll_gpio.o(.text.LL_GPIO_StructInit) for [Anonymous Symbol]
    py32f0xx_ll_i2c.o(.ARM.exidx.text.LL_I2C_DeInit) refers to py32f0xx_ll_i2c.o(.text.LL_I2C_DeInit) for [Anonymous Symbol]
    py32f0xx_ll_i2c.o(.text.LL_I2C_Init) refers to py32f0xx_ll_rcc.o(.text.LL_RCC_GetSystemClocksFreq) for LL_RCC_GetSystemClocksFreq
    py32f0xx_ll_i2c.o(.text.LL_I2C_Init) refers to uidiv_div0.o(.text) for __aeabi_uidiv
    py32f0xx_ll_i2c.o(.ARM.exidx.text.LL_I2C_Init) refers to py32f0xx_ll_i2c.o(.text.LL_I2C_Init) for [Anonymous Symbol]
    py32f0xx_ll_i2c.o(.ARM.exidx.text.LL_I2C_StructInit) refers to py32f0xx_ll_i2c.o(.text.LL_I2C_StructInit) for [Anonymous Symbol]
    py32f0xx_ll_rcc.o(.ARM.exidx.text.LL_RCC_DeInit) refers to py32f0xx_ll_rcc.o(.text.LL_RCC_DeInit) for [Anonymous Symbol]
    py32f0xx_ll_rcc.o(.text.LL_RCC_GetSystemClocksFreq) refers to system_py32f0xx.o(.rodata.HSIFreqTable) for HSIFreqTable
    py32f0xx_ll_rcc.o(.text.LL_RCC_GetSystemClocksFreq) refers to system_py32f0xx.o(.rodata.AHBPrescTable) for AHBPrescTable
    py32f0xx_ll_rcc.o(.text.LL_RCC_GetSystemClocksFreq) refers to system_py32f0xx.o(.rodata.APBPrescTable) for APBPrescTable
    py32f0xx_ll_rcc.o(.ARM.exidx.text.LL_RCC_GetSystemClocksFreq) refers to py32f0xx_ll_rcc.o(.text.LL_RCC_GetSystemClocksFreq) for [Anonymous Symbol]
    py32f0xx_ll_rcc.o(.text.RCC_GetSystemClockFreq) refers to system_py32f0xx.o(.rodata.HSIFreqTable) for HSIFreqTable
    py32f0xx_ll_rcc.o(.ARM.exidx.text.RCC_GetSystemClockFreq) refers to py32f0xx_ll_rcc.o(.text.RCC_GetSystemClockFreq) for [Anonymous Symbol]
    py32f0xx_ll_rcc.o(.text.RCC_GetHCLKClockFreq) refers to system_py32f0xx.o(.rodata.AHBPrescTable) for AHBPrescTable
    py32f0xx_ll_rcc.o(.ARM.exidx.text.RCC_GetHCLKClockFreq) refers to py32f0xx_ll_rcc.o(.text.RCC_GetHCLKClockFreq) for [Anonymous Symbol]
    py32f0xx_ll_rcc.o(.text.RCC_GetPCLK1ClockFreq) refers to system_py32f0xx.o(.rodata.APBPrescTable) for APBPrescTable
    py32f0xx_ll_rcc.o(.ARM.exidx.text.RCC_GetPCLK1ClockFreq) refers to py32f0xx_ll_rcc.o(.text.RCC_GetPCLK1ClockFreq) for [Anonymous Symbol]
    py32f0xx_ll_rcc.o(.text.LL_RCC_GetMCOClockFreq) refers to system_py32f0xx.o(.rodata.HSIFreqTable) for HSIFreqTable
    py32f0xx_ll_rcc.o(.text.LL_RCC_GetMCOClockFreq) refers to system_py32f0xx.o(.data.SystemCoreClock) for SystemCoreClock
    py32f0xx_ll_rcc.o(.ARM.exidx.text.LL_RCC_GetMCOClockFreq) refers to py32f0xx_ll_rcc.o(.text.LL_RCC_GetMCOClockFreq) for [Anonymous Symbol]
    py32f0xx_ll_rcc.o(.text.RCC_PLL_GetFreqDomain_SYS) refers to system_py32f0xx.o(.rodata.HSIFreqTable) for HSIFreqTable
    py32f0xx_ll_rcc.o(.ARM.exidx.text.RCC_PLL_GetFreqDomain_SYS) refers to py32f0xx_ll_rcc.o(.text.RCC_PLL_GetFreqDomain_SYS) for [Anonymous Symbol]
    py32f0xx_ll_rcc.o(.ARM.exidx.text.LL_RCC_GetLSCClockFreq) refers to py32f0xx_ll_rcc.o(.text.LL_RCC_GetLSCClockFreq) for [Anonymous Symbol]
    py32f0xx_ll_rcc.o(.text.LL_RCC_GetPVDClockFreq) refers to system_py32f0xx.o(.rodata.HSIFreqTable) for HSIFreqTable
    py32f0xx_ll_rcc.o(.text.LL_RCC_GetPVDClockFreq) refers to system_py32f0xx.o(.rodata.APBPrescTable) for APBPrescTable
    py32f0xx_ll_rcc.o(.text.LL_RCC_GetPVDClockFreq) refers to system_py32f0xx.o(.rodata.AHBPrescTable) for AHBPrescTable
    py32f0xx_ll_rcc.o(.ARM.exidx.text.LL_RCC_GetPVDClockFreq) refers to py32f0xx_ll_rcc.o(.text.LL_RCC_GetPVDClockFreq) for [Anonymous Symbol]
    py32f0xx_ll_rcc.o(.text.LL_RCC_GetCOMPClockFreq) refers to system_py32f0xx.o(.rodata.HSIFreqTable) for HSIFreqTable
    py32f0xx_ll_rcc.o(.text.LL_RCC_GetCOMPClockFreq) refers to system_py32f0xx.o(.rodata.APBPrescTable) for APBPrescTable
    py32f0xx_ll_rcc.o(.text.LL_RCC_GetCOMPClockFreq) refers to system_py32f0xx.o(.rodata.AHBPrescTable) for AHBPrescTable
    py32f0xx_ll_rcc.o(.ARM.exidx.text.LL_RCC_GetCOMPClockFreq) refers to py32f0xx_ll_rcc.o(.text.LL_RCC_GetCOMPClockFreq) for [Anonymous Symbol]
    py32f0xx_ll_rcc.o(.text.LL_RCC_GetLPTIMClockFreq) refers to system_py32f0xx.o(.rodata.HSIFreqTable) for HSIFreqTable
    py32f0xx_ll_rcc.o(.text.LL_RCC_GetLPTIMClockFreq) refers to system_py32f0xx.o(.rodata.APBPrescTable) for APBPrescTable
    py32f0xx_ll_rcc.o(.text.LL_RCC_GetLPTIMClockFreq) refers to system_py32f0xx.o(.rodata.AHBPrescTable) for AHBPrescTable
    py32f0xx_ll_rcc.o(.ARM.exidx.text.LL_RCC_GetLPTIMClockFreq) refers to py32f0xx_ll_rcc.o(.text.LL_RCC_GetLPTIMClockFreq) for [Anonymous Symbol]
    py32f0xx_ll_rcc.o(.ARM.exidx.text.LL_RCC_GetRTCClockFreq) refers to py32f0xx_ll_rcc.o(.text.LL_RCC_GetRTCClockFreq) for [Anonymous Symbol]
    entry.o(.ARM.Collect$$$$00000000) refers (Special) to entry10a.o(.ARM.Collect$$$$0000000D) for __rt_final_cpp
    entry.o(.ARM.Collect$$$$00000000) refers (Special) to entry11a.o(.ARM.Collect$$$$0000000F) for __rt_final_exit
    entry.o(.ARM.Collect$$$$00000000) refers (Special) to entry7b.o(.ARM.Collect$$$$00000008) for _main_clock
    entry.o(.ARM.Collect$$$$00000000) refers (Special) to entry8b.o(.ARM.Collect$$$$0000000A) for _main_cpp_init
    entry.o(.ARM.Collect$$$$00000000) refers (Special) to entry9a.o(.ARM.Collect$$$$0000000B) for _main_init
    entry.o(.ARM.Collect$$$$00000000) refers (Special) to entry5.o(.ARM.Collect$$$$00000004) for _main_scatterload
    entry.o(.ARM.Collect$$$$00000000) refers (Special) to entry2.o(.ARM.Collect$$$$00000001) for _main_stk
    entry2.o(.ARM.Collect$$$$00000001) refers to entry2.o(.ARM.Collect$$$$00002712) for __lit__00000000
    entry2.o(.ARM.Collect$$$$00002712) refers to startup_py32f030xx.o(STACK) for __initial_sp
    entry2.o(__vectab_stack_and_reset_area) refers to startup_py32f030xx.o(STACK) for __initial_sp
    entry2.o(__vectab_stack_and_reset_area) refers to entry.o(.ARM.Collect$$$$00000000) for __main
    entry5.o(.ARM.Collect$$$$00000004) refers to init.o(.text) for __scatterload
    entry9a.o(.ARM.Collect$$$$0000000B) refers to system_py32f0xx.o(.text.$Sub$$main) for main
    entry9b.o(.ARM.Collect$$$$0000000C) refers to system_py32f0xx.o(.text.$Sub$$main) for main
    idiv_div0.o(.text) refers to uidiv_div0.o(.text) for __aeabi_uidivmod
    init.o(.text) refers to entry5.o(.ARM.Collect$$$$00000004) for __main_after_scatterload


==============================================================================

Removing Unused input sections from the image.

    Removing system_py32f0xx.o(.text), (0 bytes).
    Removing system_py32f0xx.o(.text.SystemCoreClockUpdate), (128 bytes).
    Removing system_py32f0xx.o(.ARM.exidx.text.SystemCoreClockUpdate), (8 bytes).
    Removing system_py32f0xx.o(.ARM.exidx.text.SystemInit), (8 bytes).
    Removing system_py32f0xx.o(.ARM.exidx.text.$Sub$$main), (8 bytes).
    Removing startup_py32f030xx.o(HEAP), (0 bytes).
    Removing main.o(.text), (0 bytes).
    Removing main.o(.ARM.exidx.text.main), (8 bytes).
    Removing main.o(.text.SystemClock_Config), (84 bytes).
    Removing main.o(.ARM.exidx.text.SystemClock_Config), (8 bytes).
    Removing main.o(.text.Error_Handler), (2 bytes).
    Removing main.o(.ARM.exidx.text.Error_Handler), (8 bytes).
    Removing main.o(.ARM.exidx.text.APP_MasterIRQCallback), (8 bytes).
    Removing main.o(.ARM.use_no_argv), (4 bytes).
    Removing py32f0xx_it.o(.text), (0 bytes).
    Removing py32f0xx_it.o(.ARM.exidx.text.NMI_Handler), (8 bytes).
    Removing py32f0xx_it.o(.ARM.exidx.text.HardFault_Handler), (8 bytes).
    Removing py32f0xx_it.o(.ARM.exidx.text.SVC_Handler), (8 bytes).
    Removing py32f0xx_it.o(.ARM.exidx.text.PendSV_Handler), (8 bytes).
    Removing py32f0xx_it.o(.ARM.exidx.text.SysTick_Handler), (8 bytes).
    Removing py32f0xx_it.o(.ARM.exidx.text.I2C1_IRQHandler), (8 bytes).
    Removing py32f030xx_ll_start_kit.o(.text), (0 bytes).
    Removing py32f030xx_ll_start_kit.o(.text.BSP_GetVersion), (6 bytes).
    Removing py32f030xx_ll_start_kit.o(.ARM.exidx.text.BSP_GetVersion), (8 bytes).
    Removing py32f030xx_ll_start_kit.o(.text.BSP_LED_Init), (56 bytes).
    Removing py32f030xx_ll_start_kit.o(.ARM.exidx.text.BSP_LED_Init), (8 bytes).
    Removing py32f030xx_ll_start_kit.o(.text.BSP_LED_DeInit), (28 bytes).
    Removing py32f030xx_ll_start_kit.o(.ARM.exidx.text.BSP_LED_DeInit), (8 bytes).
    Removing py32f030xx_ll_start_kit.o(.text.BSP_LED_On), (20 bytes).
    Removing py32f030xx_ll_start_kit.o(.ARM.exidx.text.BSP_LED_On), (8 bytes).
    Removing py32f030xx_ll_start_kit.o(.text.BSP_LED_Off), (20 bytes).
    Removing py32f030xx_ll_start_kit.o(.ARM.exidx.text.BSP_LED_Off), (8 bytes).
    Removing py32f030xx_ll_start_kit.o(.text.BSP_LED_Toggle), (24 bytes).
    Removing py32f030xx_ll_start_kit.o(.ARM.exidx.text.BSP_LED_Toggle), (8 bytes).
    Removing py32f030xx_ll_start_kit.o(.ARM.exidx.text.BSP_PB_Init), (8 bytes).
    Removing py32f030xx_ll_start_kit.o(.text.BSP_PB_DeInit), (32 bytes).
    Removing py32f030xx_ll_start_kit.o(.ARM.exidx.text.BSP_PB_DeInit), (8 bytes).
    Removing py32f030xx_ll_start_kit.o(.ARM.exidx.text.BSP_PB_GetState), (8 bytes).
    Removing py32f030xx_ll_start_kit.o(.text.BSP_USART_Config), (284 bytes).
    Removing py32f030xx_ll_start_kit.o(.ARM.exidx.text.BSP_USART_Config), (8 bytes).
    Removing py32f030xx_ll_start_kit.o(.data.LED_PORT), (4 bytes).
    Removing py32f030xx_ll_start_kit.o(.rodata.LED_PIN), (2 bytes).
    Removing py32f030xx_ll_start_kit.o(.rodata.BUTTON_PIN), (2 bytes).
    Removing py32f030xx_ll_start_kit.o(.rodata.BUTTON_IRQn), (1 bytes).
    Removing py32f030xx_ll_start_kit.o(.rodata.BUTTON_EXTI_LINE), (4 bytes).
    Removing py32f0xx_ll_utils.o(.text), (0 bytes).
    Removing py32f0xx_ll_utils.o(.ARM.exidx.text.LL_Init1msTick), (8 bytes).
    Removing py32f0xx_ll_utils.o(.text.LL_mDelay), (36 bytes).
    Removing py32f0xx_ll_utils.o(.ARM.exidx.text.LL_mDelay), (8 bytes).
    Removing py32f0xx_ll_utils.o(.ARM.exidx.text.LL_SetSystemCoreClock), (8 bytes).
    Removing py32f0xx_ll_utils.o(.text.LL_PLL_ConfigSystemClock_HSI), (108 bytes).
    Removing py32f0xx_ll_utils.o(.ARM.exidx.text.LL_PLL_ConfigSystemClock_HSI), (8 bytes).
    Removing py32f0xx_ll_utils.o(.text.UTILS_EnablePLLAndSwitchSystem), (268 bytes).
    Removing py32f0xx_ll_utils.o(.ARM.exidx.text.UTILS_EnablePLLAndSwitchSystem), (8 bytes).
    Removing py32f0xx_ll_utils.o(.text.LL_PLL_ConfigSystemClock_HSE), (108 bytes).
    Removing py32f0xx_ll_utils.o(.ARM.exidx.text.LL_PLL_ConfigSystemClock_HSE), (8 bytes).
    Removing py32f0xx_ll_utils.o(.text.LL_SetFlashLatency), (68 bytes).
    Removing py32f0xx_ll_utils.o(.ARM.exidx.text.LL_SetFlashLatency), (8 bytes).
    Removing py32f0xx_ll_gpio.o(.text), (0 bytes).
    Removing py32f0xx_ll_gpio.o(.text.LL_GPIO_DeInit), (72 bytes).
    Removing py32f0xx_ll_gpio.o(.ARM.exidx.text.LL_GPIO_DeInit), (8 bytes).
    Removing py32f0xx_ll_gpio.o(.ARM.exidx.text.LL_GPIO_Init), (8 bytes).
    Removing py32f0xx_ll_gpio.o(.text.LL_GPIO_StructInit), (24 bytes).
    Removing py32f0xx_ll_gpio.o(.ARM.exidx.text.LL_GPIO_StructInit), (8 bytes).
    Removing py32f0xx_ll_i2c.o(.text), (0 bytes).
    Removing py32f0xx_ll_i2c.o(.text.LL_I2C_DeInit), (40 bytes).
    Removing py32f0xx_ll_i2c.o(.ARM.exidx.text.LL_I2C_DeInit), (8 bytes).
    Removing py32f0xx_ll_i2c.o(.ARM.exidx.text.LL_I2C_Init), (8 bytes).
    Removing py32f0xx_ll_i2c.o(.text.LL_I2C_StructInit), (20 bytes).
    Removing py32f0xx_ll_i2c.o(.ARM.exidx.text.LL_I2C_StructInit), (8 bytes).
    Removing py32f0xx_ll_rcc.o(.text), (0 bytes).
    Removing py32f0xx_ll_rcc.o(.text.LL_RCC_DeInit), (100 bytes).
    Removing py32f0xx_ll_rcc.o(.ARM.exidx.text.LL_RCC_DeInit), (8 bytes).
    Removing py32f0xx_ll_rcc.o(.ARM.exidx.text.LL_RCC_GetSystemClocksFreq), (8 bytes).
    Removing py32f0xx_ll_rcc.o(.text.RCC_GetSystemClockFreq), (88 bytes).
    Removing py32f0xx_ll_rcc.o(.ARM.exidx.text.RCC_GetSystemClockFreq), (8 bytes).
    Removing py32f0xx_ll_rcc.o(.text.RCC_GetHCLKClockFreq), (32 bytes).
    Removing py32f0xx_ll_rcc.o(.ARM.exidx.text.RCC_GetHCLKClockFreq), (8 bytes).
    Removing py32f0xx_ll_rcc.o(.text.RCC_GetPCLK1ClockFreq), (32 bytes).
    Removing py32f0xx_ll_rcc.o(.ARM.exidx.text.RCC_GetPCLK1ClockFreq), (8 bytes).
    Removing py32f0xx_ll_rcc.o(.text.LL_RCC_GetMCOClockFreq), (140 bytes).
    Removing py32f0xx_ll_rcc.o(.ARM.exidx.text.LL_RCC_GetMCOClockFreq), (8 bytes).
    Removing py32f0xx_ll_rcc.o(.text.RCC_PLL_GetFreqDomain_SYS), (40 bytes).
    Removing py32f0xx_ll_rcc.o(.ARM.exidx.text.RCC_PLL_GetFreqDomain_SYS), (8 bytes).
    Removing py32f0xx_ll_rcc.o(.text.LL_RCC_GetLSCClockFreq), (28 bytes).
    Removing py32f0xx_ll_rcc.o(.ARM.exidx.text.LL_RCC_GetLSCClockFreq), (8 bytes).
    Removing py32f0xx_ll_rcc.o(.text.LL_RCC_GetPVDClockFreq), (164 bytes).
    Removing py32f0xx_ll_rcc.o(.ARM.exidx.text.LL_RCC_GetPVDClockFreq), (8 bytes).
    Removing py32f0xx_ll_rcc.o(.text.LL_RCC_GetCOMPClockFreq), (204 bytes).
    Removing py32f0xx_ll_rcc.o(.ARM.exidx.text.LL_RCC_GetCOMPClockFreq), (8 bytes).
    Removing py32f0xx_ll_rcc.o(.text.LL_RCC_GetLPTIMClockFreq), (188 bytes).
    Removing py32f0xx_ll_rcc.o(.ARM.exidx.text.LL_RCC_GetLPTIMClockFreq), (8 bytes).
    Removing py32f0xx_ll_rcc.o(.text.LL_RCC_GetRTCClockFreq), (60 bytes).
    Removing py32f0xx_ll_rcc.o(.ARM.exidx.text.LL_RCC_GetRTCClockFreq), (8 bytes).

94 unused section(s) (total 2905 bytes) removed from the image.

==============================================================================

Image Symbol Table

    Local Symbols

    Symbol Name                              Value     Ov Type        Size  Object(Section)

    ../clib/division.s                       0x00000000   Number         0  aeabi_sdivfast.o ABSOLUTE
    ../clib/division.s                       0x00000000   Number         0  aeabi_sdivfast_div0.o ABSOLUTE
    ../clib/microlib/division.c              0x00000000   Number         0  uidiv.o ABSOLUTE
    ../clib/microlib/division.c              0x00000000   Number         0  uidiv_div0.o ABSOLUTE
    ../clib/microlib/division.c              0x00000000   Number         0  idiv_div0.o ABSOLUTE
    ../clib/microlib/division.c              0x00000000   Number         0  idiv0.o ABSOLUTE
    ../clib/microlib/init/entry.s            0x00000000   Number         0  entry.o ABSOLUTE
    ../clib/microlib/init/entry.s            0x00000000   Number         0  entry2.o ABSOLUTE
    ../clib/microlib/init/entry.s            0x00000000   Number         0  entry5.o ABSOLUTE
    ../clib/microlib/init/entry.s            0x00000000   Number         0  entry7a.o ABSOLUTE
    ../clib/microlib/init/entry.s            0x00000000   Number         0  entry7b.o ABSOLUTE
    ../clib/microlib/init/entry.s            0x00000000   Number         0  entry8a.o ABSOLUTE
    ../clib/microlib/init/entry.s            0x00000000   Number         0  entry8b.o ABSOLUTE
    ../clib/microlib/init/entry.s            0x00000000   Number         0  entry9a.o ABSOLUTE
    ../clib/microlib/init/entry.s            0x00000000   Number         0  entry9b.o ABSOLUTE
    ../clib/microlib/init/entry.s            0x00000000   Number         0  entry10a.o ABSOLUTE
    ../clib/microlib/init/entry.s            0x00000000   Number         0  entry10b.o ABSOLUTE
    ../clib/microlib/init/entry.s            0x00000000   Number         0  entry11a.o ABSOLUTE
    ../clib/microlib/init/entry.s            0x00000000   Number         0  entry11b.o ABSOLUTE
    dc.s                                     0x00000000   Number         0  dc.o ABSOLUTE
    handlers.s                               0x00000000   Number         0  handlers.o ABSOLUTE
    init.s                                   0x00000000   Number         0  init.o ABSOLUTE
    main.c                                   0x00000000   Number         0  main.o ABSOLUTE
    py32f030xx_ll_Start_Kit.c                0x00000000   Number         0  py32f030xx_ll_start_kit.o ABSOLUTE
    py32f0xx_it.c                            0x00000000   Number         0  py32f0xx_it.o ABSOLUTE
    py32f0xx_ll_gpio.c                       0x00000000   Number         0  py32f0xx_ll_gpio.o ABSOLUTE
    py32f0xx_ll_i2c.c                        0x00000000   Number         0  py32f0xx_ll_i2c.o ABSOLUTE
    py32f0xx_ll_rcc.c                        0x00000000   Number         0  py32f0xx_ll_rcc.o ABSOLUTE
    py32f0xx_ll_utils.c                      0x00000000   Number         0  py32f0xx_ll_utils.o ABSOLUTE
    startup_py32f030xx.s                     0x00000000   Number         0  startup_py32f030xx.o ABSOLUTE
    system_py32f0xx.c                        0x00000000   Number         0  system_py32f0xx.o ABSOLUTE
    RESET                                    0x08000000   Section      192  startup_py32f030xx.o(RESET)
    .ARM.Collect$$$$00000000                 0x080000c0   Section        0  entry.o(.ARM.Collect$$$$00000000)
    .ARM.Collect$$$$00000001                 0x080000c0   Section        4  entry2.o(.ARM.Collect$$$$00000001)
    .ARM.Collect$$$$00000004                 0x080000c4   Section        4  entry5.o(.ARM.Collect$$$$00000004)
    .ARM.Collect$$$$00000008                 0x080000c8   Section        0  entry7b.o(.ARM.Collect$$$$00000008)
    .ARM.Collect$$$$0000000A                 0x080000c8   Section        0  entry8b.o(.ARM.Collect$$$$0000000A)
    .ARM.Collect$$$$0000000B                 0x080000c8   Section        8  entry9a.o(.ARM.Collect$$$$0000000B)
    __lit__00000000                          0x080000d0   Data           4  entry2.o(.ARM.Collect$$$$00002712)
    .ARM.Collect$$$$0000000D                 0x080000d0   Section        0  entry10a.o(.ARM.Collect$$$$0000000D)
    .ARM.Collect$$$$0000000F                 0x080000d0   Section        0  entry11a.o(.ARM.Collect$$$$0000000F)
    .ARM.Collect$$$$00002712                 0x080000d0   Section        4  entry2.o(.ARM.Collect$$$$00002712)
    .text                                    0x080000d4   Section       28  startup_py32f030xx.o(.text)
    .text                                    0x080000f0   Section        0  uidiv_div0.o(.text)
    .text                                    0x08000130   Section       48  init.o(.text)
    [Anonymous Symbol]                       0x08000160   Section        0  system_py32f0xx.o(.text.$Sub$$main)
    __arm_cp.2_0                             0x08000184   Number         4  system_py32f0xx.o(.text.$Sub$$main)
    __arm_cp.2_1                             0x08000188   Number         4  system_py32f0xx.o(.text.$Sub$$main)
    [Anonymous Symbol]                       0x0800018c   Section        0  main.o(.text.APP_MasterIRQCallback)
    __arm_cp.3_0                             0x0800040c   Number         4  main.o(.text.APP_MasterIRQCallback)
    __arm_cp.3_1                             0x08000410   Number         4  main.o(.text.APP_MasterIRQCallback)
    __arm_cp.3_2                             0x08000414   Number         4  main.o(.text.APP_MasterIRQCallback)
    __arm_cp.3_3                             0x08000418   Number         4  main.o(.text.APP_MasterIRQCallback)
    __arm_cp.3_4                             0x0800041c   Number         4  main.o(.text.APP_MasterIRQCallback)
    __arm_cp.3_5                             0x08000420   Number         4  main.o(.text.APP_MasterIRQCallback)
    [Anonymous Symbol]                       0x08000424   Section        0  py32f030xx_ll_start_kit.o(.text.BSP_PB_GetState)
    [Anonymous Symbol]                       0x08000434   Section        0  py32f030xx_ll_start_kit.o(.text.BSP_PB_Init)
    __arm_cp.6_0                             0x08000494   Number         4  py32f030xx_ll_start_kit.o(.text.BSP_PB_Init)
    __arm_cp.6_1                             0x08000498   Number         4  py32f030xx_ll_start_kit.o(.text.BSP_PB_Init)
    __arm_cp.6_2                             0x0800049c   Number         4  py32f030xx_ll_start_kit.o(.text.BSP_PB_Init)
    __arm_cp.6_3                             0x080004a0   Number         4  py32f030xx_ll_start_kit.o(.text.BSP_PB_Init)
    __arm_cp.6_4                             0x080004a4   Number         4  py32f030xx_ll_start_kit.o(.text.BSP_PB_Init)
    __arm_cp.6_5                             0x080004a8   Number         4  py32f030xx_ll_start_kit.o(.text.BSP_PB_Init)
    [Anonymous Symbol]                       0x080004ac   Section        0  py32f0xx_it.o(.text.HardFault_Handler)
    [Anonymous Symbol]                       0x080004ae   Section        0  py32f0xx_it.o(.text.I2C1_IRQHandler)
    [Anonymous Symbol]                       0x080004b6   Section        0  py32f0xx_ll_gpio.o(.text.LL_GPIO_Init)
    [Anonymous Symbol]                       0x08000568   Section        0  py32f0xx_ll_i2c.o(.text.LL_I2C_Init)
    __arm_cp.1_0                             0x08000630   Number         4  py32f0xx_ll_i2c.o(.text.LL_I2C_Init)
    __arm_cp.1_2                             0x08000634   Number         4  py32f0xx_ll_i2c.o(.text.LL_I2C_Init)
    __arm_cp.1_3                             0x08000638   Number         4  py32f0xx_ll_i2c.o(.text.LL_I2C_Init)
    [Anonymous Symbol]                       0x0800063c   Section        0  py32f0xx_ll_utils.o(.text.LL_Init1msTick)
    __arm_cp.0_0                             0x08000658   Number         4  py32f0xx_ll_utils.o(.text.LL_Init1msTick)
    [Anonymous Symbol]                       0x0800065c   Section        0  py32f0xx_ll_rcc.o(.text.LL_RCC_GetSystemClocksFreq)
    __arm_cp.1_1                             0x080006d4   Number         4  py32f0xx_ll_rcc.o(.text.LL_RCC_GetSystemClocksFreq)
    __arm_cp.1_2                             0x080006d8   Number         4  py32f0xx_ll_rcc.o(.text.LL_RCC_GetSystemClocksFreq)
    __arm_cp.1_3                             0x080006dc   Number         4  py32f0xx_ll_rcc.o(.text.LL_RCC_GetSystemClocksFreq)
    __arm_cp.1_4                             0x080006e0   Number         4  py32f0xx_ll_rcc.o(.text.LL_RCC_GetSystemClocksFreq)
    __arm_cp.1_5                             0x080006e4   Number         4  py32f0xx_ll_rcc.o(.text.LL_RCC_GetSystemClocksFreq)
    [Anonymous Symbol]                       0x080006e8   Section        0  py32f0xx_ll_utils.o(.text.LL_SetSystemCoreClock)
    __arm_cp.2_0                             0x080006f0   Number         4  py32f0xx_ll_utils.o(.text.LL_SetSystemCoreClock)
    [Anonymous Symbol]                       0x080006f4   Section        0  py32f0xx_it.o(.text.NMI_Handler)
    [Anonymous Symbol]                       0x080006f6   Section        0  py32f0xx_it.o(.text.PendSV_Handler)
    [Anonymous Symbol]                       0x080006f8   Section        0  py32f0xx_it.o(.text.SVC_Handler)
    [Anonymous Symbol]                       0x080006fa   Section        0  py32f0xx_it.o(.text.SysTick_Handler)
    [Anonymous Symbol]                       0x080006fc   Section        0  system_py32f0xx.o(.text.SystemInit)
    __arm_cp.1_0                             0x0800071c   Number         4  system_py32f0xx.o(.text.SystemInit)
    __arm_cp.1_1                             0x08000720   Number         4  system_py32f0xx.o(.text.SystemInit)
    __arm_cp.1_2                             0x08000724   Number         4  system_py32f0xx.o(.text.SystemInit)
    __arm_cp.1_3                             0x08000728   Number         4  system_py32f0xx.o(.text.SystemInit)
    [Anonymous Symbol]                       0x0800072c   Section        0  main.o(.text.main)
    __arm_cp.0_0                             0x080008b0   Number         4  main.o(.text.main)
    __arm_cp.0_1                             0x080008b4   Number         4  main.o(.text.main)
    __arm_cp.0_2                             0x080008b8   Number         4  main.o(.text.main)
    __arm_cp.0_3                             0x080008bc   Number         4  main.o(.text.main)
    __arm_cp.0_4                             0x080008c0   Number         4  main.o(.text.main)
    __arm_cp.0_5                             0x080008c4   Number         4  main.o(.text.main)
    __arm_cp.0_6                             0x080008c8   Number         4  main.o(.text.main)
    __arm_cp.0_7                             0x080008cc   Number         4  main.o(.text.main)
    __arm_cp.0_8                             0x080008d0   Number         4  main.o(.text.main)
    __arm_cp.0_9                             0x080008d4   Number         4  main.o(.text.main)
    __arm_cp.0_10                            0x080008d8   Number         4  main.o(.text.main)
    __arm_cp.0_11                            0x080008dc   Number         4  main.o(.text.main)
    __arm_cp.0_12                            0x080008e0   Number         4  main.o(.text.main)
    i.__scatterload_copy                     0x080008e4   Section       14  handlers.o(i.__scatterload_copy)
    i.__scatterload_null                     0x080008f2   Section        2  handlers.o(i.__scatterload_null)
    i.__scatterload_zeroinit                 0x080008f4   Section       14  handlers.o(i.__scatterload_zeroinit)
    STACK                                    0x200000f8   Section     1024  startup_py32f030xx.o(STACK)

    Global Symbols

    Symbol Name                              Value     Ov Type        Size  Object(Section)

    BuildAttributes$$THM_ISAv3M$S$PE$A:L22$X:L11$S22$IEEE1$IW$~IW$USESV6$~STKCKD$USESV7$~SHL$OTIME$EBA8$MICROLIB$REQ8$PRES8$EABIv2 0x00000000   Number         0  anon$$obj.o ABSOLUTE
    __cpp_initialize__aeabi_                  - Undefined Weak Reference
    __cxa_finalize                            - Undefined Weak Reference
    __decompress                              - Undefined Weak Reference
    _clock_init                               - Undefined Weak Reference
    _microlib_exit                            - Undefined Weak Reference
    __Vectors_Size                           0x000000c0   Number         0  startup_py32f030xx.o ABSOLUTE
    __Vectors                                0x08000000   Data           4  startup_py32f030xx.o(RESET)
    __Vectors_End                            0x080000c0   Data           0  startup_py32f030xx.o(RESET)
    __main                                   0x080000c1   Thumb Code     0  entry.o(.ARM.Collect$$$$00000000)
    _main_stk                                0x080000c1   Thumb Code     0  entry2.o(.ARM.Collect$$$$00000001)
    _main_scatterload                        0x080000c5   Thumb Code     0  entry5.o(.ARM.Collect$$$$00000004)
    __main_after_scatterload                 0x080000c9   Thumb Code     0  entry5.o(.ARM.Collect$$$$00000004)
    _main_clock                              0x080000c9   Thumb Code     0  entry7b.o(.ARM.Collect$$$$00000008)
    _main_cpp_init                           0x080000c9   Thumb Code     0  entry8b.o(.ARM.Collect$$$$0000000A)
    _main_init                               0x080000c9   Thumb Code     0  entry9a.o(.ARM.Collect$$$$0000000B)
    __rt_final_cpp                           0x080000d1   Thumb Code     0  entry10a.o(.ARM.Collect$$$$0000000D)
    __rt_final_exit                          0x080000d1   Thumb Code     0  entry11a.o(.ARM.Collect$$$$0000000F)
    Reset_Handler                            0x080000d5   Thumb Code     8  startup_py32f030xx.o(.text)
    ADC_COMP_IRQHandler                      0x080000e7   Thumb Code     0  startup_py32f030xx.o(.text)
    DMA1_Channel1_IRQHandler                 0x080000e7   Thumb Code     0  startup_py32f030xx.o(.text)
    DMA1_Channel2_3_IRQHandler               0x080000e7   Thumb Code     0  startup_py32f030xx.o(.text)
    EXTI0_1_IRQHandler                       0x080000e7   Thumb Code     0  startup_py32f030xx.o(.text)
    EXTI2_3_IRQHandler                       0x080000e7   Thumb Code     0  startup_py32f030xx.o(.text)
    EXTI4_15_IRQHandler                      0x080000e7   Thumb Code     0  startup_py32f030xx.o(.text)
    FLASH_IRQHandler                         0x080000e7   Thumb Code     0  startup_py32f030xx.o(.text)
    LED_IRQHandler                           0x080000e7   Thumb Code     0  startup_py32f030xx.o(.text)
    LPTIM1_IRQHandler                        0x080000e7   Thumb Code     0  startup_py32f030xx.o(.text)
    PVD_IRQHandler                           0x080000e7   Thumb Code     0  startup_py32f030xx.o(.text)
    RCC_IRQHandler                           0x080000e7   Thumb Code     0  startup_py32f030xx.o(.text)
    RTC_IRQHandler                           0x080000e7   Thumb Code     0  startup_py32f030xx.o(.text)
    SPI1_IRQHandler                          0x080000e7   Thumb Code     0  startup_py32f030xx.o(.text)
    SPI2_IRQHandler                          0x080000e7   Thumb Code     0  startup_py32f030xx.o(.text)
    TIM14_IRQHandler                         0x080000e7   Thumb Code     0  startup_py32f030xx.o(.text)
    TIM16_IRQHandler                         0x080000e7   Thumb Code     0  startup_py32f030xx.o(.text)
    TIM17_IRQHandler                         0x080000e7   Thumb Code     0  startup_py32f030xx.o(.text)
    TIM1_BRK_UP_TRG_COM_IRQHandler           0x080000e7   Thumb Code     0  startup_py32f030xx.o(.text)
    TIM1_CC_IRQHandler                       0x080000e7   Thumb Code     0  startup_py32f030xx.o(.text)
    TIM3_IRQHandler                          0x080000e7   Thumb Code     0  startup_py32f030xx.o(.text)
    USART1_IRQHandler                        0x080000e7   Thumb Code     0  startup_py32f030xx.o(.text)
    USART2_IRQHandler                        0x080000e7   Thumb Code     0  startup_py32f030xx.o(.text)
    WWDG_IRQHandler                          0x080000e7   Thumb Code     0  startup_py32f030xx.o(.text)
    __aeabi_uidiv                            0x080000f1   Thumb Code     0  uidiv_div0.o(.text)
    __aeabi_uidivmod                         0x080000f1   Thumb Code    62  uidiv_div0.o(.text)
    __scatterload                            0x08000131   Thumb Code    38  init.o(.text)
    __scatterload_rt2                        0x08000131   Thumb Code     0  init.o(.text)
    main                                     0x08000161   Thumb Code    36  system_py32f0xx.o(.text.$Sub$$main)
    APP_MasterIRQCallback                    0x0800018d   Thumb Code   640  main.o(.text.APP_MasterIRQCallback)
    BSP_PB_GetState                          0x08000425   Thumb Code    16  py32f030xx_ll_start_kit.o(.text.BSP_PB_GetState)
    BSP_PB_Init                              0x08000435   Thumb Code    96  py32f030xx_ll_start_kit.o(.text.BSP_PB_Init)
    HardFault_Handler                        0x080004ad   Thumb Code     2  py32f0xx_it.o(.text.HardFault_Handler)
    I2C1_IRQHandler                          0x080004af   Thumb Code     8  py32f0xx_it.o(.text.I2C1_IRQHandler)
    LL_GPIO_Init                             0x080004b7   Thumb Code   176  py32f0xx_ll_gpio.o(.text.LL_GPIO_Init)
    LL_I2C_Init                              0x08000569   Thumb Code   200  py32f0xx_ll_i2c.o(.text.LL_I2C_Init)
    LL_Init1msTick                           0x0800063d   Thumb Code    28  py32f0xx_ll_utils.o(.text.LL_Init1msTick)
    LL_RCC_GetSystemClocksFreq               0x0800065d   Thumb Code   120  py32f0xx_ll_rcc.o(.text.LL_RCC_GetSystemClocksFreq)
    LL_SetSystemCoreClock                    0x080006e9   Thumb Code     8  py32f0xx_ll_utils.o(.text.LL_SetSystemCoreClock)
    NMI_Handler                              0x080006f5   Thumb Code     2  py32f0xx_it.o(.text.NMI_Handler)
    PendSV_Handler                           0x080006f7   Thumb Code     2  py32f0xx_it.o(.text.PendSV_Handler)
    SVC_Handler                              0x080006f9   Thumb Code     2  py32f0xx_it.o(.text.SVC_Handler)
    SysTick_Handler                          0x080006fb   Thumb Code     2  py32f0xx_it.o(.text.SysTick_Handler)
    SystemInit                               0x080006fd   Thumb Code    32  system_py32f0xx.o(.text.SystemInit)
    $Super$$main                             0x0800072d   Thumb Code   388  main.o(.text.main)
    __scatterload_copy                       0x080008e5   Thumb Code    14  handlers.o(i.__scatterload_copy)
    __scatterload_null                       0x080008f3   Thumb Code     2  handlers.o(i.__scatterload_null)
    __scatterload_zeroinit                   0x080008f5   Thumb Code    14  handlers.o(i.__scatterload_zeroinit)
    AHBPrescTable                            0x08000904   Data          64  system_py32f0xx.o(.rodata.AHBPrescTable)
    APBPrescTable                            0x08000944   Data          32  system_py32f0xx.o(.rodata.APBPrescTable)
    HSIFreqTable                             0x08000964   Data          32  system_py32f0xx.o(.rodata.HSIFreqTable)
    Region$$Table$$Base                      0x08000984   Number         0  anon$$obj.o(Region$$Table)
    Region$$Table$$Limit                     0x080009a4   Number         0  anon$$obj.o(Region$$Table)
    VECT_SRAM_TAB                            0x20000000   Data         192  system_py32f0xx.o(.ARM.__at_0x20000000)
    BUTTON_PORT                              0x200000c0   Data           4  py32f030xx_ll_start_kit.o(.data.BUTTON_PORT)
    SystemCoreClock                          0x200000c4   Data           4  system_py32f0xx.o(.data.SystemCoreClock)
    aTxBuffer                                0x200000c8   Data          15  main.o(.data.aTxBuffer)
    Devaddress                               0x200000d8   Data           4  main.o(.bss.Devaddress)
    State                                    0x200000dc   Data           4  main.o(.bss.State)
    XferCount                                0x200000e0   Data           2  main.o(.bss.XferCount)
    aRxBuffer                                0x200000e2   Data          15  main.o(.bss.aRxBuffer)
    pBuffPtr                                 0x200000f4   Data           4  main.o(.bss.pBuffPtr)
    __initial_sp                             0x200004f8   Data           0  startup_py32f030xx.o(STACK)



==============================================================================

Memory Map of the image

  Image Entry point : 0x080000c1

  Load Region LR_IROM1 (Base: 0x08000000, Size: 0x00000a80, Max: 0x00010000, ABSOLUTE)

    Execution Region ER_IROM1 (Exec base: 0x08000000, Load base: 0x08000000, Size: 0x000009a4, Max: 0x00010000, ABSOLUTE)

    Exec Addr    Load Addr    Size         Type   Attr      Idx    E Section Name        Object

    0x08000000   0x08000000   0x000000c0   Data   RO           22    RESET               startup_py32f030xx.o
    0x080000c0   0x080000c0   0x00000000   Code   RO          187  * .ARM.Collect$$$$00000000  mc_p.l(entry.o)
    0x080000c0   0x080000c0   0x00000004   Code   RO          196    .ARM.Collect$$$$00000001  mc_p.l(entry2.o)
    0x080000c4   0x080000c4   0x00000004   Code   RO          199    .ARM.Collect$$$$00000004  mc_p.l(entry5.o)
    0x080000c8   0x080000c8   0x00000000   Code   RO          201    .ARM.Collect$$$$00000008  mc_p.l(entry7b.o)
    0x080000c8   0x080000c8   0x00000000   Code   RO          203    .ARM.Collect$$$$0000000A  mc_p.l(entry8b.o)
    0x080000c8   0x080000c8   0x00000008   Code   RO          204    .ARM.Collect$$$$0000000B  mc_p.l(entry9a.o)
    0x080000d0   0x080000d0   0x00000000   Code   RO          206    .ARM.Collect$$$$0000000D  mc_p.l(entry10a.o)
    0x080000d0   0x080000d0   0x00000000   Code   RO          208    .ARM.Collect$$$$0000000F  mc_p.l(entry11a.o)
    0x080000d0   0x080000d0   0x00000004   Code   RO          197    .ARM.Collect$$$$00002712  mc_p.l(entry2.o)
    0x080000d4   0x080000d4   0x0000001c   Code   RO           23    .text               startup_py32f030xx.o
    0x080000f0   0x080000f0   0x0000003e   Code   RO          214    .text               mc_p.l(uidiv_div0.o)
    0x0800012e   0x0800012e   0x00000002   PAD
    0x08000130   0x08000130   0x00000030   Code   RO          220    .text               mc_p.l(init.o)
    0x08000160   0x08000160   0x0000002c   Code   RO            6    .text.$Sub$$main    system_py32f0xx.o
    0x0800018c   0x0800018c   0x00000298   Code   RO           36    .text.APP_MasterIRQCallback  main.o
    0x08000424   0x08000424   0x00000010   Code   RO           88    .text.BSP_PB_GetState  py32f030xx_ll_start_kit.o
    0x08000434   0x08000434   0x00000078   Code   RO           84    .text.BSP_PB_Init   py32f030xx_ll_start_kit.o
    0x080004ac   0x080004ac   0x00000002   Code   RO           55    .text.HardFault_Handler  py32f0xx_it.o
    0x080004ae   0x080004ae   0x00000008   Code   RO           63    .text.I2C1_IRQHandler  py32f0xx_it.o
    0x080004b6   0x080004b6   0x000000b0   Code   RO          130    .text.LL_GPIO_Init  py32f0xx_ll_gpio.o
    0x08000566   0x08000566   0x00000002   PAD
    0x08000568   0x08000568   0x000000d4   Code   RO          144    .text.LL_I2C_Init   py32f0xx_ll_i2c.o
    0x0800063c   0x0800063c   0x00000020   Code   RO          106    .text.LL_Init1msTick  py32f0xx_ll_utils.o
    0x0800065c   0x0800065c   0x0000008c   Code   RO          158    .text.LL_RCC_GetSystemClocksFreq  py32f0xx_ll_rcc.o
    0x080006e8   0x080006e8   0x0000000c   Code   RO          110    .text.LL_SetSystemCoreClock  py32f0xx_ll_utils.o
    0x080006f4   0x080006f4   0x00000002   Code   RO           53    .text.NMI_Handler   py32f0xx_it.o
    0x080006f6   0x080006f6   0x00000002   Code   RO           59    .text.PendSV_Handler  py32f0xx_it.o
    0x080006f8   0x080006f8   0x00000002   Code   RO           57    .text.SVC_Handler   py32f0xx_it.o
    0x080006fa   0x080006fa   0x00000002   Code   RO           61    .text.SysTick_Handler  py32f0xx_it.o
    0x080006fc   0x080006fc   0x00000030   Code   RO            4    .text.SystemInit    system_py32f0xx.o
    0x0800072c   0x0800072c   0x000001b8   Code   RO           30    .text.main          main.o
    0x080008e4   0x080008e4   0x0000000e   Code   RO          224    i.__scatterload_copy  mc_p.l(handlers.o)
    0x080008f2   0x080008f2   0x00000002   Code   RO          225    i.__scatterload_null  mc_p.l(handlers.o)
    0x080008f4   0x080008f4   0x0000000e   Code   RO          226    i.__scatterload_zeroinit  mc_p.l(handlers.o)
    0x08000902   0x08000902   0x00000002   PAD
    0x08000904   0x08000904   0x00000040   Data   RO            9    .rodata.AHBPrescTable  system_py32f0xx.o
    0x08000944   0x08000944   0x00000020   Data   RO           10    .rodata.APBPrescTable  system_py32f0xx.o
    0x08000964   0x08000964   0x00000020   Data   RO           11    .rodata.HSIFreqTable  system_py32f0xx.o
    0x08000984   0x08000984   0x00000020   Data   RO          223    Region$$Table       anon$$obj.o


    Execution Region RW_IRAM1 (Exec base: 0x20000000, Load base: 0x080009a8, Size: 0x000004f8, Max: 0x00002000, ABSOLUTE)

    Exec Addr    Load Addr    Size         Type   Attr      Idx    E Section Name        Object

    0x20000000   0x080009a8   0x000000c0   Data   RW           12    .ARM.__at_0x20000000  system_py32f0xx.o
    0x200000c0   0x08000a68   0x00000004   Data   RW           94    .data.BUTTON_PORT   py32f030xx_ll_start_kit.o
    0x200000c4   0x08000a6c   0x00000004   Data   RW            8    .data.SystemCoreClock  system_py32f0xx.o
    0x200000c8   0x08000a70   0x0000000f   Data   RW           38    .data.aTxBuffer     main.o
    0x200000d7   0x08000a7f   0x00000001   PAD
    0x200000d8        -       0x00000004   Zero   RW           42    .bss.Devaddress     main.o
    0x200000dc        -       0x00000004   Zero   RW           43    .bss.State          main.o
    0x200000e0        -       0x00000002   Zero   RW           41    .bss.XferCount      main.o
    0x200000e2        -       0x0000000f   Zero   RW           39    .bss.aRxBuffer      main.o
    0x200000f1   0x08000a7f   0x00000003   PAD
    0x200000f4        -       0x00000004   Zero   RW           40    .bss.pBuffPtr       main.o
    0x200000f8        -       0x00000400   Zero   RW           20    STACK               startup_py32f030xx.o


==============================================================================

Image component sizes


      Code (inc. data)   RO Data    RW Data    ZI Data      Debug   Object Name

      1104         76          0         15         29      10037   main.o
       136         24          0          4          0       8707   py32f030xx_ll_start_kit.o
        18          0          0          0          0        859   py32f0xx_it.o
       176          0          0          0          0       4336   py32f0xx_ll_gpio.o
       212         12          0          0          0       3969   py32f0xx_ll_i2c.o
       140         20          0          0          0       8923   py32f0xx_ll_rcc.o
        44          8          0          0          0       7157   py32f0xx_ll_utils.o
        28          8        192          0       1024        708   startup_py32f030xx.o
        92         24        128        196          0       2448   system_py32f0xx.o

    ----------------------------------------------------------------------
      1952        172        352        216       1056      47144   Object Totals
         0          0         32          0          0          0   (incl. Generated)
         2          0          0          1          3          0   (incl. Padding)

    ----------------------------------------------------------------------

      Code (inc. data)   RO Data    RW Data    ZI Data      Debug   Library Member Name

         0          0          0          0          0          0   entry.o
         0          0          0          0          0          0   entry10a.o
         0          0          0          0          0          0   entry11a.o
         8          4          0          0          0          0   entry2.o
         4          0          0          0          0          0   entry5.o
         0          0          0          0          0          0   entry7b.o
         0          0          0          0          0          0   entry8b.o
         8          4          0          0          0          0   entry9a.o
        30          0          0          0          0          0   handlers.o
        48         10          0          0          0         68   init.o
        62          0          0          0          0         72   uidiv_div0.o

    ----------------------------------------------------------------------
       164         18          0          0          0        140   Library Totals
         4          0          0          0          0          0   (incl. Padding)

    ----------------------------------------------------------------------

      Code (inc. data)   RO Data    RW Data    ZI Data      Debug   Library Name

       160         18          0          0          0        140   mc_p.l

    ----------------------------------------------------------------------
       164         18          0          0          0        140   Library Totals

    ----------------------------------------------------------------------

==============================================================================


      Code (inc. data)   RO Data    RW Data    ZI Data      Debug   

      2116        190        352        216       1056      47296   Grand Totals
      2116        190        352        216       1056      47296   ELF Image Totals
      2116        190        352        216          0          0   ROM Totals

==============================================================================

    Total RO  Size (Code + RO Data)                 2468 (   2.41kB)
    Total RW  Size (RW Data + ZI Data)              1272 (   1.24kB)
    Total ROM Size (Code + RO Data + RW Data)       2684 (   2.62kB)

==============================================================================

