<!doctype html public "-//w3c//dtd html 4.0 transitional//en">
<html><head>
<title>Static Call Graph - [.\Objects\Target.axf]</title></head>
<body><HR>
<H1>Static Call Graph for image .\Objects\Target.axf</H1><HR>
<BR><P>#&#060CALLGRAPH&#062# ARM Linker, 6230001: Last Updated: Mon May  5 09:09:41 2025
<BR><P>
<H3>Maximum Stack Usage =        152 bytes + Unknown(Cycles, Untraceable Function Pointers)</H3><H3>
Call chain for Maximum Stack Depth:</H3>
task_OLED_screen &rArr; OLED_Init &rArr; APP_ConfigI2cMaster &rArr; LL_I2C_Init &rArr; __aeabi_uidiv
<P>
<H3>
Mutually Recursive functions
</H3> <LI><a href="#[10]">ADC_COMP_IRQHandler</a>&nbsp;&nbsp;&nbsp;&rArr;&nbsp;&nbsp;&nbsp;<a href="#[10]">ADC_COMP_IRQHandler</a><BR>
 <LI><a href="#[36]">__delay_pan742</a>&nbsp;&nbsp;&nbsp;&rArr;&nbsp;&nbsp;&nbsp;<a href="#[36]">__delay_pan742</a><BR>
 <LI><a href="#[2]">HardFault_Handler</a>&nbsp;&nbsp;&nbsp;&rArr;&nbsp;&nbsp;&nbsp;<a href="#[2]">HardFault_Handler</a><BR>
</UL>
<P>
<H3>
Function Pointers
</H3><UL>
 <LI><a href="#[10]">ADC_COMP_IRQHandler</a> from startup_py32f030xx.o(.text) referenced from startup_py32f030xx.o(RESET)
 <LI><a href="#[e]">DMA1_Channel1_IRQHandler</a> from startup_py32f030xx.o(.text) referenced from startup_py32f030xx.o(RESET)
 <LI><a href="#[f]">DMA1_Channel2_3_IRQHandler</a> from startup_py32f030xx.o(.text) referenced from startup_py32f030xx.o(RESET)
 <LI><a href="#[b]">EXTI0_1_IRQHandler</a> from startup_py32f030xx.o(.text) referenced from startup_py32f030xx.o(RESET)
 <LI><a href="#[c]">EXTI2_3_IRQHandler</a> from startup_py32f030xx.o(.text) referenced from startup_py32f030xx.o(RESET)
 <LI><a href="#[d]">EXTI4_15_IRQHandler</a> from startup_py32f030xx.o(.text) referenced from startup_py32f030xx.o(RESET)
 <LI><a href="#[9]">FLASH_IRQHandler</a> from startup_py32f030xx.o(.text) referenced from startup_py32f030xx.o(RESET)
 <LI><a href="#[2]">HardFault_Handler</a> from py32f0xx_it.o(.text.HardFault_Handler) referenced from startup_py32f030xx.o(RESET)
 <LI><a href="#[18]">I2C1_IRQHandler</a> from startup_py32f030xx.o(.text) referenced from startup_py32f030xx.o(RESET)
 <LI><a href="#[1d]">LED_IRQHandler</a> from startup_py32f030xx.o(.text) referenced from startup_py32f030xx.o(RESET)
 <LI><a href="#[14]">LPTIM1_IRQHandler</a> from startup_py32f030xx.o(.text) referenced from startup_py32f030xx.o(RESET)
 <LI><a href="#[1]">NMI_Handler</a> from py32f0xx_it.o(.text.NMI_Handler) referenced from startup_py32f030xx.o(RESET)
 <LI><a href="#[7]">PVD_IRQHandler</a> from startup_py32f030xx.o(.text) referenced from startup_py32f030xx.o(RESET)
 <LI><a href="#[4]">PendSV_Handler</a> from py32f0xx_it.o(.text.PendSV_Handler) referenced from startup_py32f030xx.o(RESET)
 <LI><a href="#[a]">RCC_IRQHandler</a> from startup_py32f030xx.o(.text) referenced from startup_py32f030xx.o(RESET)
 <LI><a href="#[8]">RTC_IRQHandler</a> from startup_py32f030xx.o(.text) referenced from startup_py32f030xx.o(RESET)
 <LI><a href="#[0]">Reset_Handler</a> from startup_py32f030xx.o(.text) referenced from startup_py32f030xx.o(RESET)
 <LI><a href="#[19]">SPI1_IRQHandler</a> from startup_py32f030xx.o(.text) referenced from startup_py32f030xx.o(RESET)
 <LI><a href="#[1a]">SPI2_IRQHandler</a> from startup_py32f030xx.o(.text) referenced from startup_py32f030xx.o(RESET)
 <LI><a href="#[3]">SVC_Handler</a> from py32f0xx_it.o(.text.SVC_Handler) referenced from startup_py32f030xx.o(RESET)
 <LI><a href="#[5]">SysTick_Handler</a> from py32f0xx_it.o(.text.SysTick_Handler) referenced from startup_py32f030xx.o(RESET)
 <LI><a href="#[1f]">SystemInit</a> from system_py32f0xx.o(.text.SystemInit) referenced from startup_py32f030xx.o(.text)
 <LI><a href="#[15]">TIM14_IRQHandler</a> from py32f0xx_it.o(.text.TIM14_IRQHandler) referenced from startup_py32f030xx.o(RESET)
 <LI><a href="#[16]">TIM16_IRQHandler</a> from startup_py32f030xx.o(.text) referenced from startup_py32f030xx.o(RESET)
 <LI><a href="#[17]">TIM17_IRQHandler</a> from startup_py32f030xx.o(.text) referenced from startup_py32f030xx.o(RESET)
 <LI><a href="#[11]">TIM1_BRK_UP_TRG_COM_IRQHandler</a> from startup_py32f030xx.o(.text) referenced from startup_py32f030xx.o(RESET)
 <LI><a href="#[12]">TIM1_CC_IRQHandler</a> from startup_py32f030xx.o(.text) referenced from startup_py32f030xx.o(RESET)
 <LI><a href="#[13]">TIM3_IRQHandler</a> from startup_py32f030xx.o(.text) referenced from startup_py32f030xx.o(RESET)
 <LI><a href="#[1b]">USART1_IRQHandler</a> from startup_py32f030xx.o(.text) referenced from startup_py32f030xx.o(RESET)
 <LI><a href="#[1c]">USART2_IRQHandler</a> from startup_py32f030xx.o(.text) referenced from startup_py32f030xx.o(RESET)
 <LI><a href="#[6]">WWDG_IRQHandler</a> from startup_py32f030xx.o(.text) referenced from startup_py32f030xx.o(RESET)
 <LI><a href="#[20]">__main</a> from entry.o(.ARM.Collect$$$$00000000) referenced from startup_py32f030xx.o(.text)
 <LI><a href="#[1e]">main</a> from system_py32f0xx.o(.text.$Sub$$main) referenced from entry9a.o(.ARM.Collect$$$$0000000B)
 <LI><a href="#[22]">task_OLED_screen</a> from app_oled.o(.text.task_OLED_screen) referenced from kernel.o(.data.APPS)
 <LI><a href="#[21]">task_idle_process</a> from kernel.o(.text.task_idle_process) referenced from kernel.o(.data.APPS)
 <LI><a href="#[23]">task_leds_display</a> from app_leds.o(.text.task_leds_display) referenced from kernel.o(.data.APPS)
</UL>
<P>
<H3>
Global Symbols
</H3>
<P><STRONG><a name="[20]"></a>__main</STRONG> (Thumb, 0 bytes, Stack size unknown bytes, entry.o(.ARM.Collect$$$$00000000))
<BR>[Address Reference Count : 1]<UL><LI> startup_py32f030xx.o(.text)
</UL>
<P><STRONG><a name="[46]"></a>_main_stk</STRONG> (Thumb, 0 bytes, Stack size unknown bytes, entry2.o(.ARM.Collect$$$$00000001))

<P><STRONG><a name="[24]"></a>_main_scatterload</STRONG> (Thumb, 0 bytes, Stack size unknown bytes, entry5.o(.ARM.Collect$$$$00000004))
<BR><BR>[Calls]<UL><LI><a href="#[25]">&gt;&gt;</a>&nbsp;&nbsp;&nbsp;__scatterload
</UL>

<P><STRONG><a name="[29]"></a>__main_after_scatterload</STRONG> (Thumb, 0 bytes, Stack size unknown bytes, entry5.o(.ARM.Collect$$$$00000004))
<BR><BR>[Called By]<UL><LI><a href="#[25]">&gt;&gt;</a>&nbsp;&nbsp;&nbsp;__scatterload
</UL>

<P><STRONG><a name="[47]"></a>_main_clock</STRONG> (Thumb, 0 bytes, Stack size unknown bytes, entry7b.o(.ARM.Collect$$$$00000008))

<P><STRONG><a name="[48]"></a>_main_cpp_init</STRONG> (Thumb, 0 bytes, Stack size unknown bytes, entry8b.o(.ARM.Collect$$$$0000000A))

<P><STRONG><a name="[49]"></a>_main_init</STRONG> (Thumb, 0 bytes, Stack size unknown bytes, entry9a.o(.ARM.Collect$$$$0000000B))

<P><STRONG><a name="[4a]"></a>__rt_final_cpp</STRONG> (Thumb, 0 bytes, Stack size unknown bytes, entry10a.o(.ARM.Collect$$$$0000000D))

<P><STRONG><a name="[4b]"></a>__rt_final_exit</STRONG> (Thumb, 0 bytes, Stack size unknown bytes, entry11a.o(.ARM.Collect$$$$0000000F))

<P><STRONG><a name="[0]"></a>Reset_Handler</STRONG> (Thumb, 8 bytes, Stack size 0 bytes, startup_py32f030xx.o(.text))
<BR>[Address Reference Count : 1]<UL><LI> startup_py32f030xx.o(RESET)
</UL>
<P><STRONG><a name="[10]"></a>ADC_COMP_IRQHandler</STRONG> (Thumb, 0 bytes, Stack size 0 bytes, startup_py32f030xx.o(.text))
<BR><BR>[Calls]<UL><LI><a href="#[10]">&gt;&gt;</a>&nbsp;&nbsp;&nbsp;ADC_COMP_IRQHandler
</UL>
<BR>[Called By]<UL><LI><a href="#[10]">&gt;&gt;</a>&nbsp;&nbsp;&nbsp;ADC_COMP_IRQHandler
</UL>
<BR>[Address Reference Count : 1]<UL><LI> startup_py32f030xx.o(RESET)
</UL>
<P><STRONG><a name="[e]"></a>DMA1_Channel1_IRQHandler</STRONG> (Thumb, 0 bytes, Stack size 0 bytes, startup_py32f030xx.o(.text))
<BR>[Address Reference Count : 1]<UL><LI> startup_py32f030xx.o(RESET)
</UL>
<P><STRONG><a name="[f]"></a>DMA1_Channel2_3_IRQHandler</STRONG> (Thumb, 0 bytes, Stack size 0 bytes, startup_py32f030xx.o(.text))
<BR>[Address Reference Count : 1]<UL><LI> startup_py32f030xx.o(RESET)
</UL>
<P><STRONG><a name="[b]"></a>EXTI0_1_IRQHandler</STRONG> (Thumb, 0 bytes, Stack size 0 bytes, startup_py32f030xx.o(.text))
<BR>[Address Reference Count : 1]<UL><LI> startup_py32f030xx.o(RESET)
</UL>
<P><STRONG><a name="[c]"></a>EXTI2_3_IRQHandler</STRONG> (Thumb, 0 bytes, Stack size 0 bytes, startup_py32f030xx.o(.text))
<BR>[Address Reference Count : 1]<UL><LI> startup_py32f030xx.o(RESET)
</UL>
<P><STRONG><a name="[d]"></a>EXTI4_15_IRQHandler</STRONG> (Thumb, 0 bytes, Stack size 0 bytes, startup_py32f030xx.o(.text))
<BR>[Address Reference Count : 1]<UL><LI> startup_py32f030xx.o(RESET)
</UL>
<P><STRONG><a name="[9]"></a>FLASH_IRQHandler</STRONG> (Thumb, 0 bytes, Stack size 0 bytes, startup_py32f030xx.o(.text))
<BR>[Address Reference Count : 1]<UL><LI> startup_py32f030xx.o(RESET)
</UL>
<P><STRONG><a name="[18]"></a>I2C1_IRQHandler</STRONG> (Thumb, 0 bytes, Stack size 0 bytes, startup_py32f030xx.o(.text))
<BR>[Address Reference Count : 1]<UL><LI> startup_py32f030xx.o(RESET)
</UL>
<P><STRONG><a name="[1d]"></a>LED_IRQHandler</STRONG> (Thumb, 0 bytes, Stack size 0 bytes, startup_py32f030xx.o(.text))
<BR>[Address Reference Count : 1]<UL><LI> startup_py32f030xx.o(RESET)
</UL>
<P><STRONG><a name="[14]"></a>LPTIM1_IRQHandler</STRONG> (Thumb, 0 bytes, Stack size 0 bytes, startup_py32f030xx.o(.text))
<BR>[Address Reference Count : 1]<UL><LI> startup_py32f030xx.o(RESET)
</UL>
<P><STRONG><a name="[7]"></a>PVD_IRQHandler</STRONG> (Thumb, 0 bytes, Stack size 0 bytes, startup_py32f030xx.o(.text))
<BR>[Address Reference Count : 1]<UL><LI> startup_py32f030xx.o(RESET)
</UL>
<P><STRONG><a name="[a]"></a>RCC_IRQHandler</STRONG> (Thumb, 0 bytes, Stack size 0 bytes, startup_py32f030xx.o(.text))
<BR>[Address Reference Count : 1]<UL><LI> startup_py32f030xx.o(RESET)
</UL>
<P><STRONG><a name="[8]"></a>RTC_IRQHandler</STRONG> (Thumb, 0 bytes, Stack size 0 bytes, startup_py32f030xx.o(.text))
<BR>[Address Reference Count : 1]<UL><LI> startup_py32f030xx.o(RESET)
</UL>
<P><STRONG><a name="[19]"></a>SPI1_IRQHandler</STRONG> (Thumb, 0 bytes, Stack size 0 bytes, startup_py32f030xx.o(.text))
<BR>[Address Reference Count : 1]<UL><LI> startup_py32f030xx.o(RESET)
</UL>
<P><STRONG><a name="[1a]"></a>SPI2_IRQHandler</STRONG> (Thumb, 0 bytes, Stack size 0 bytes, startup_py32f030xx.o(.text))
<BR>[Address Reference Count : 1]<UL><LI> startup_py32f030xx.o(RESET)
</UL>
<P><STRONG><a name="[16]"></a>TIM16_IRQHandler</STRONG> (Thumb, 0 bytes, Stack size 0 bytes, startup_py32f030xx.o(.text))
<BR>[Address Reference Count : 1]<UL><LI> startup_py32f030xx.o(RESET)
</UL>
<P><STRONG><a name="[17]"></a>TIM17_IRQHandler</STRONG> (Thumb, 0 bytes, Stack size 0 bytes, startup_py32f030xx.o(.text))
<BR>[Address Reference Count : 1]<UL><LI> startup_py32f030xx.o(RESET)
</UL>
<P><STRONG><a name="[11]"></a>TIM1_BRK_UP_TRG_COM_IRQHandler</STRONG> (Thumb, 0 bytes, Stack size 0 bytes, startup_py32f030xx.o(.text))
<BR>[Address Reference Count : 1]<UL><LI> startup_py32f030xx.o(RESET)
</UL>
<P><STRONG><a name="[12]"></a>TIM1_CC_IRQHandler</STRONG> (Thumb, 0 bytes, Stack size 0 bytes, startup_py32f030xx.o(.text))
<BR>[Address Reference Count : 1]<UL><LI> startup_py32f030xx.o(RESET)
</UL>
<P><STRONG><a name="[13]"></a>TIM3_IRQHandler</STRONG> (Thumb, 0 bytes, Stack size 0 bytes, startup_py32f030xx.o(.text))
<BR>[Address Reference Count : 1]<UL><LI> startup_py32f030xx.o(RESET)
</UL>
<P><STRONG><a name="[1b]"></a>USART1_IRQHandler</STRONG> (Thumb, 0 bytes, Stack size 0 bytes, startup_py32f030xx.o(.text))
<BR>[Address Reference Count : 1]<UL><LI> startup_py32f030xx.o(RESET)
</UL>
<P><STRONG><a name="[1c]"></a>USART2_IRQHandler</STRONG> (Thumb, 0 bytes, Stack size 0 bytes, startup_py32f030xx.o(.text))
<BR>[Address Reference Count : 1]<UL><LI> startup_py32f030xx.o(RESET)
</UL>
<P><STRONG><a name="[6]"></a>WWDG_IRQHandler</STRONG> (Thumb, 0 bytes, Stack size 0 bytes, startup_py32f030xx.o(.text))
<BR>[Address Reference Count : 1]<UL><LI> startup_py32f030xx.o(RESET)
</UL>
<P><STRONG><a name="[27]"></a>__aeabi_memset</STRONG> (Thumb, 14 bytes, Stack size 0 bytes, memseta.o(.text), UNUSED)
<BR><BR>[Called By]<UL><LI><a href="#[28]">&gt;&gt;</a>&nbsp;&nbsp;&nbsp;_memset$wrapper
<LI><a href="#[26]">&gt;&gt;</a>&nbsp;&nbsp;&nbsp;__aeabi_memclr
</UL>

<P><STRONG><a name="[4c]"></a>__aeabi_memset4</STRONG> (Thumb, 0 bytes, Stack size 0 bytes, memseta.o(.text), UNUSED)

<P><STRONG><a name="[4d]"></a>__aeabi_memset8</STRONG> (Thumb, 0 bytes, Stack size 0 bytes, memseta.o(.text), UNUSED)

<P><STRONG><a name="[26]"></a>__aeabi_memclr</STRONG> (Thumb, 4 bytes, Stack size 0 bytes, memseta.o(.text), UNUSED)
<BR><BR>[Calls]<UL><LI><a href="#[27]">&gt;&gt;</a>&nbsp;&nbsp;&nbsp;__aeabi_memset
</UL>

<P><STRONG><a name="[32]"></a>__aeabi_memclr4</STRONG> (Thumb, 0 bytes, Stack size 0 bytes, memseta.o(.text))
<BR><BR>[Called By]<UL><LI><a href="#[31]">&gt;&gt;</a>&nbsp;&nbsp;&nbsp;OLED_Init
</UL>

<P><STRONG><a name="[4e]"></a>__aeabi_memclr8</STRONG> (Thumb, 0 bytes, Stack size 0 bytes, memseta.o(.text), UNUSED)

<P><STRONG><a name="[28]"></a>_memset$wrapper</STRONG> (Thumb, 18 bytes, Stack size 8 bytes, memseta.o(.text), UNUSED)
<BR><BR>[Calls]<UL><LI><a href="#[27]">&gt;&gt;</a>&nbsp;&nbsp;&nbsp;__aeabi_memset
</UL>

<P><STRONG><a name="[2f]"></a>__aeabi_uidiv</STRONG> (Thumb, 0 bytes, Stack size 16 bytes, uidiv_div0.o(.text))
<BR><BR>[Stack]<UL><LI>Max Depth = 16<LI>Call Chain = __aeabi_uidiv
</UL>
<BR>[Called By]<UL><LI><a href="#[2d]">&gt;&gt;</a>&nbsp;&nbsp;&nbsp;LL_I2C_Init
<LI><a href="#[30]">&gt;&gt;</a>&nbsp;&nbsp;&nbsp;LL_Init1msTick
</UL>

<P><STRONG><a name="[4f]"></a>__aeabi_uidivmod</STRONG> (Thumb, 62 bytes, Stack size 16 bytes, uidiv_div0.o(.text), UNUSED)

<P><STRONG><a name="[25]"></a>__scatterload</STRONG> (Thumb, 38 bytes, Stack size 0 bytes, init.o(.text))
<BR><BR>[Calls]<UL><LI><a href="#[29]">&gt;&gt;</a>&nbsp;&nbsp;&nbsp;__main_after_scatterload
</UL>
<BR>[Called By]<UL><LI><a href="#[24]">&gt;&gt;</a>&nbsp;&nbsp;&nbsp;_main_scatterload
</UL>

<P><STRONG><a name="[50]"></a>__scatterload_rt2</STRONG> (Thumb, 0 bytes, Stack size 0 bytes, init.o(.text), UNUSED)

<P><STRONG><a name="[1e]"></a>main</STRONG> (Thumb, 36 bytes, Stack size 8 bytes, system_py32f0xx.o(.text.$Sub$$main))
<BR><BR>[Stack]<UL><LI>Max Depth = 48<LI>Call Chain = main &rArr; $Super$$main &rArr; init_board_global &rArr; LL_Init1msTick &rArr; __aeabi_uidiv
</UL>
<BR>[Calls]<UL><LI><a href="#[2a]">&gt;&gt;</a>&nbsp;&nbsp;&nbsp;$Super$$main
</UL>
<BR>[Address Reference Count : 1]<UL><LI> entry9a.o(.ARM.Collect$$$$0000000B)
</UL>
<P><STRONG><a name="[2b]"></a>APP_ConfigI2cMaster</STRONG> (Thumb, 144 bytes, Stack size 72 bytes, phy_i2c.o(.text.APP_ConfigI2cMaster))
<BR><BR>[Stack]<UL><LI>Max Depth = 136<LI>Call Chain = APP_ConfigI2cMaster &rArr; LL_I2C_Init &rArr; __aeabi_uidiv
</UL>
<BR>[Calls]<UL><LI><a href="#[2d]">&gt;&gt;</a>&nbsp;&nbsp;&nbsp;LL_I2C_Init
<LI><a href="#[2c]">&gt;&gt;</a>&nbsp;&nbsp;&nbsp;LL_GPIO_Init
</UL>
<BR>[Called By]<UL><LI><a href="#[31]">&gt;&gt;</a>&nbsp;&nbsp;&nbsp;OLED_Init
</UL>

<P><STRONG><a name="[45]"></a>APP_MasterReceive</STRONG> (Thumb, 400 bytes, Stack size 28 bytes, phy_i2c.o(.text.APP_MasterReceive))
<BR><BR>[Stack]<UL><LI>Max Depth = 28<LI>Call Chain = APP_MasterReceive
</UL>
<BR>[Called By]<UL><LI><a href="#[22]">&gt;&gt;</a>&nbsp;&nbsp;&nbsp;task_OLED_screen
</UL>

<P><STRONG><a name="[44]"></a>APP_MasterTransmit</STRONG> (Thumb, 180 bytes, Stack size 24 bytes, phy_i2c.o(.text.APP_MasterTransmit))
<BR><BR>[Stack]<UL><LI>Max Depth = 24<LI>Call Chain = APP_MasterTransmit
</UL>
<BR>[Called By]<UL><LI><a href="#[22]">&gt;&gt;</a>&nbsp;&nbsp;&nbsp;task_OLED_screen
</UL>

<P><STRONG><a name="[37]"></a>Callback_os_timer</STRONG> (Thumb, 28 bytes, Stack size 0 bytes, kernel.o(.text.Callback_os_timer))
<BR><BR>[Called By]<UL><LI><a href="#[34]">&gt;&gt;</a>&nbsp;&nbsp;&nbsp;cb_systick_1ms
</UL>

<P><STRONG><a name="[2]"></a>HardFault_Handler</STRONG> (Thumb, 2 bytes, Stack size 0 bytes, py32f0xx_it.o(.text.HardFault_Handler))
<BR><BR>[Calls]<UL><LI><a href="#[2]">&gt;&gt;</a>&nbsp;&nbsp;&nbsp;HardFault_Handler
</UL>
<BR>[Called By]<UL><LI><a href="#[2]">&gt;&gt;</a>&nbsp;&nbsp;&nbsp;HardFault_Handler
</UL>
<BR>[Address Reference Count : 1]<UL><LI> startup_py32f030xx.o(RESET)
</UL>
<P><STRONG><a name="[2c]"></a>LL_GPIO_Init</STRONG> (Thumb, 176 bytes, Stack size 28 bytes, py32f0xx_ll_gpio.o(.text.LL_GPIO_Init))
<BR><BR>[Stack]<UL><LI>Max Depth = 28<LI>Call Chain = LL_GPIO_Init
</UL>
<BR>[Called By]<UL><LI><a href="#[2b]">&gt;&gt;</a>&nbsp;&nbsp;&nbsp;APP_ConfigI2cMaster
<LI><a href="#[38]">&gt;&gt;</a>&nbsp;&nbsp;&nbsp;configure_gpio_pattern
</UL>

<P><STRONG><a name="[2d]"></a>LL_I2C_Init</STRONG> (Thumb, 200 bytes, Stack size 48 bytes, py32f0xx_ll_i2c.o(.text.LL_I2C_Init))
<BR><BR>[Stack]<UL><LI>Max Depth = 64<LI>Call Chain = LL_I2C_Init &rArr; __aeabi_uidiv
</UL>
<BR>[Calls]<UL><LI><a href="#[2e]">&gt;&gt;</a>&nbsp;&nbsp;&nbsp;LL_RCC_GetSystemClocksFreq
<LI><a href="#[2f]">&gt;&gt;</a>&nbsp;&nbsp;&nbsp;__aeabi_uidiv
</UL>
<BR>[Called By]<UL><LI><a href="#[2b]">&gt;&gt;</a>&nbsp;&nbsp;&nbsp;APP_ConfigI2cMaster
</UL>

<P><STRONG><a name="[30]"></a>LL_Init1msTick</STRONG> (Thumb, 28 bytes, Stack size 8 bytes, py32f0xx_ll_utils.o(.text.LL_Init1msTick))
<BR><BR>[Stack]<UL><LI>Max Depth = 24<LI>Call Chain = LL_Init1msTick &rArr; __aeabi_uidiv
</UL>
<BR>[Calls]<UL><LI><a href="#[2f]">&gt;&gt;</a>&nbsp;&nbsp;&nbsp;__aeabi_uidiv
</UL>
<BR>[Called By]<UL><LI><a href="#[3d]">&gt;&gt;</a>&nbsp;&nbsp;&nbsp;init_board_global
</UL>

<P><STRONG><a name="[2e]"></a>LL_RCC_GetSystemClocksFreq</STRONG> (Thumb, 120 bytes, Stack size 8 bytes, py32f0xx_ll_rcc.o(.text.LL_RCC_GetSystemClocksFreq))
<BR><BR>[Stack]<UL><LI>Max Depth = 8<LI>Call Chain = LL_RCC_GetSystemClocksFreq
</UL>
<BR>[Called By]<UL><LI><a href="#[2d]">&gt;&gt;</a>&nbsp;&nbsp;&nbsp;LL_I2C_Init
</UL>

<P><STRONG><a name="[3e]"></a>LL_SetSystemCoreClock</STRONG> (Thumb, 8 bytes, Stack size 0 bytes, py32f0xx_ll_utils.o(.text.LL_SetSystemCoreClock))
<BR><BR>[Called By]<UL><LI><a href="#[3d]">&gt;&gt;</a>&nbsp;&nbsp;&nbsp;init_board_global
</UL>

<P><STRONG><a name="[1]"></a>NMI_Handler</STRONG> (Thumb, 2 bytes, Stack size 0 bytes, py32f0xx_it.o(.text.NMI_Handler))
<BR>[Address Reference Count : 1]<UL><LI> startup_py32f030xx.o(RESET)
</UL>
<P><STRONG><a name="[31]"></a>OLED_Init</STRONG> (Thumb, 24 bytes, Stack size 8 bytes, oled.o(.text.OLED_Init))
<BR><BR>[Stack]<UL><LI>Max Depth = 144<LI>Call Chain = OLED_Init &rArr; APP_ConfigI2cMaster &rArr; LL_I2C_Init &rArr; __aeabi_uidiv
</UL>
<BR>[Calls]<UL><LI><a href="#[32]">&gt;&gt;</a>&nbsp;&nbsp;&nbsp;__aeabi_memclr4
<LI><a href="#[33]">&gt;&gt;</a>&nbsp;&nbsp;&nbsp;delay_ms
<LI><a href="#[2b]">&gt;&gt;</a>&nbsp;&nbsp;&nbsp;APP_ConfigI2cMaster
</UL>
<BR>[Called By]<UL><LI><a href="#[22]">&gt;&gt;</a>&nbsp;&nbsp;&nbsp;task_OLED_screen
</UL>

<P><STRONG><a name="[4]"></a>PendSV_Handler</STRONG> (Thumb, 2 bytes, Stack size 0 bytes, py32f0xx_it.o(.text.PendSV_Handler))
<BR>[Address Reference Count : 1]<UL><LI> startup_py32f030xx.o(RESET)
</UL>
<P><STRONG><a name="[3]"></a>SVC_Handler</STRONG> (Thumb, 2 bytes, Stack size 0 bytes, py32f0xx_it.o(.text.SVC_Handler))
<BR>[Address Reference Count : 1]<UL><LI> startup_py32f030xx.o(RESET)
</UL>
<P><STRONG><a name="[5]"></a>SysTick_Handler</STRONG> (Thumb, 8 bytes, Stack size 8 bytes, py32f0xx_it.o(.text.SysTick_Handler))
<BR><BR>[Stack]<UL><LI>Max Depth = 16<LI>Call Chain = SysTick_Handler &rArr; cb_systick_1ms
</UL>
<BR>[Calls]<UL><LI><a href="#[34]">&gt;&gt;</a>&nbsp;&nbsp;&nbsp;cb_systick_1ms
</UL>
<BR>[Address Reference Count : 1]<UL><LI> startup_py32f030xx.o(RESET)
</UL>
<P><STRONG><a name="[1f]"></a>SystemInit</STRONG> (Thumb, 32 bytes, Stack size 0 bytes, system_py32f0xx.o(.text.SystemInit))
<BR>[Address Reference Count : 1]<UL><LI> startup_py32f030xx.o(.text)
</UL>
<P><STRONG><a name="[15]"></a>TIM14_IRQHandler</STRONG> (Thumb, 32 bytes, Stack size 8 bytes, py32f0xx_it.o(.text.TIM14_IRQHandler))
<BR><BR>[Stack]<UL><LI>Max Depth = 8<LI>Call Chain = TIM14_IRQHandler
</UL>
<BR>[Calls]<UL><LI><a href="#[35]">&gt;&gt;</a>&nbsp;&nbsp;&nbsp;TIM14_UpdateCallback
</UL>
<BR>[Address Reference Count : 1]<UL><LI> startup_py32f030xx.o(RESET)
</UL>
<P><STRONG><a name="[35]"></a>TIM14_UpdateCallback</STRONG> (Thumb, 112 bytes, Stack size 0 bytes, phy_timer.o(.text.TIM14_UpdateCallback))
<BR><BR>[Called By]<UL><LI><a href="#[15]">&gt;&gt;</a>&nbsp;&nbsp;&nbsp;TIM14_IRQHandler
</UL>

<P><STRONG><a name="[3b]"></a>WatchdogClear</STRONG> (Thumb, 2 bytes, Stack size 0 bytes, phy_watchdog.o(.text.WatchdogClear))
<BR><BR>[Called By]<UL><LI><a href="#[3c]">&gt;&gt;</a>&nbsp;&nbsp;&nbsp;delay_us
<LI><a href="#[33]">&gt;&gt;</a>&nbsp;&nbsp;&nbsp;delay_ms
</UL>

<P><STRONG><a name="[36]"></a>__delay_pan742</STRONG> (Thumb, 8 bytes, Stack size 0 bytes, board.o(.text.__delay_pan742))
<BR><BR>[Calls]<UL><LI><a href="#[36]">&gt;&gt;</a>&nbsp;&nbsp;&nbsp;__delay_pan742
</UL>
<BR>[Called By]<UL><LI><a href="#[3c]">&gt;&gt;</a>&nbsp;&nbsp;&nbsp;delay_us
<LI><a href="#[33]">&gt;&gt;</a>&nbsp;&nbsp;&nbsp;delay_ms
<LI><a href="#[36]">&gt;&gt;</a>&nbsp;&nbsp;&nbsp;__delay_pan742
</UL>

<P><STRONG><a name="[34]"></a>cb_systick_1ms</STRONG> (Thumb, 96 bytes, Stack size 8 bytes, os_beason.o(.text.cb_systick_1ms))
<BR><BR>[Stack]<UL><LI>Max Depth = 8<LI>Call Chain = cb_systick_1ms
</UL>
<BR>[Calls]<UL><LI><a href="#[37]">&gt;&gt;</a>&nbsp;&nbsp;&nbsp;Callback_os_timer
</UL>
<BR>[Called By]<UL><LI><a href="#[5]">&gt;&gt;</a>&nbsp;&nbsp;&nbsp;SysTick_Handler
<LI><a href="#[41]">&gt;&gt;</a>&nbsp;&nbsp;&nbsp;open_app_process
</UL>

<P><STRONG><a name="[38]"></a>configure_gpio_pattern</STRONG> (Thumb, 88 bytes, Stack size 40 bytes, phy_gpio.o(.text.configure_gpio_pattern))
<BR><BR>[Stack]<UL><LI>Max Depth = 68<LI>Call Chain = configure_gpio_pattern &rArr; LL_GPIO_Init
</UL>
<BR>[Calls]<UL><LI><a href="#[2c]">&gt;&gt;</a>&nbsp;&nbsp;&nbsp;LL_GPIO_Init
</UL>
<BR>[Called By]<UL><LI><a href="#[40]">&gt;&gt;</a>&nbsp;&nbsp;&nbsp;init_leds_object
</UL>

<P><STRONG><a name="[39]"></a>control_leds_condition</STRONG> (Thumb, 20 bytes, Stack size 8 bytes, dev_leds.o(.text.control_leds_condition))
<BR><BR>[Stack]<UL><LI>Max Depth = 8<LI>Call Chain = control_leds_condition
</UL>
<BR>[Calls]<UL><LI><a href="#[3a]">&gt;&gt;</a>&nbsp;&nbsp;&nbsp;gpio_write_level
</UL>
<BR>[Called By]<UL><LI><a href="#[43]">&gt;&gt;</a>&nbsp;&nbsp;&nbsp;perform_led_display
</UL>

<P><STRONG><a name="[33]"></a>delay_ms</STRONG> (Thumb, 68 bytes, Stack size 8 bytes, os_beason.o(.text.delay_ms))
<BR><BR>[Stack]<UL><LI>Max Depth = 8<LI>Call Chain = delay_ms
</UL>
<BR>[Calls]<UL><LI><a href="#[3b]">&gt;&gt;</a>&nbsp;&nbsp;&nbsp;WatchdogClear
<LI><a href="#[36]">&gt;&gt;</a>&nbsp;&nbsp;&nbsp;__delay_pan742
</UL>
<BR>[Called By]<UL><LI><a href="#[31]">&gt;&gt;</a>&nbsp;&nbsp;&nbsp;OLED_Init
</UL>

<P><STRONG><a name="[3c]"></a>delay_us</STRONG> (Thumb, 24 bytes, Stack size 8 bytes, os_beason.o(.text.delay_us))
<BR><BR>[Stack]<UL><LI>Max Depth = 8<LI>Call Chain = delay_us
</UL>
<BR>[Calls]<UL><LI><a href="#[3b]">&gt;&gt;</a>&nbsp;&nbsp;&nbsp;WatchdogClear
<LI><a href="#[36]">&gt;&gt;</a>&nbsp;&nbsp;&nbsp;__delay_pan742
</UL>
<BR>[Called By]<UL><LI><a href="#[41]">&gt;&gt;</a>&nbsp;&nbsp;&nbsp;open_app_process
</UL>

<P><STRONG><a name="[3a]"></a>gpio_write_level</STRONG> (Thumb, 18 bytes, Stack size 0 bytes, phy_gpio.o(.text.gpio_write_level))
<BR><BR>[Called By]<UL><LI><a href="#[39]">&gt;&gt;</a>&nbsp;&nbsp;&nbsp;control_leds_condition
</UL>

<P><STRONG><a name="[3d]"></a>init_board_global</STRONG> (Thumb, 80 bytes, Stack size 8 bytes, board.o(.text.init_board_global))
<BR><BR>[Stack]<UL><LI>Max Depth = 32<LI>Call Chain = init_board_global &rArr; LL_Init1msTick &rArr; __aeabi_uidiv
</UL>
<BR>[Calls]<UL><LI><a href="#[3f]">&gt;&gt;</a>&nbsp;&nbsp;&nbsp;open_systick_irq
<LI><a href="#[3e]">&gt;&gt;</a>&nbsp;&nbsp;&nbsp;LL_SetSystemCoreClock
<LI><a href="#[30]">&gt;&gt;</a>&nbsp;&nbsp;&nbsp;LL_Init1msTick
</UL>
<BR>[Called By]<UL><LI><a href="#[2a]">&gt;&gt;</a>&nbsp;&nbsp;&nbsp;$Super$$main
</UL>

<P><STRONG><a name="[40]"></a>init_leds_object</STRONG> (Thumb, 52 bytes, Stack size 32 bytes, dev_leds.o(.text.init_leds_object))
<BR><BR>[Stack]<UL><LI>Max Depth = 100<LI>Call Chain = init_leds_object &rArr; configure_gpio_pattern &rArr; LL_GPIO_Init
</UL>
<BR>[Calls]<UL><LI><a href="#[38]">&gt;&gt;</a>&nbsp;&nbsp;&nbsp;configure_gpio_pattern
</UL>
<BR>[Called By]<UL><LI><a href="#[23]">&gt;&gt;</a>&nbsp;&nbsp;&nbsp;task_leds_display
</UL>

<P><STRONG><a name="[42]"></a>is_systick_opened</STRONG> (Thumb, 12 bytes, Stack size 0 bytes, os_beason.o(.text.is_systick_opened))
<BR><BR>[Called By]<UL><LI><a href="#[41]">&gt;&gt;</a>&nbsp;&nbsp;&nbsp;open_app_process
</UL>

<P><STRONG><a name="[2a]"></a>$Super$$main</STRONG> (Thumb, 14 bytes, Stack size 8 bytes, main.o(.text.main))
<BR><BR>[Stack]<UL><LI>Max Depth = 40<LI>Call Chain = $Super$$main &rArr; init_board_global &rArr; LL_Init1msTick &rArr; __aeabi_uidiv
</UL>
<BR>[Calls]<UL><LI><a href="#[41]">&gt;&gt;</a>&nbsp;&nbsp;&nbsp;open_app_process
<LI><a href="#[3d]">&gt;&gt;</a>&nbsp;&nbsp;&nbsp;init_board_global
</UL>
<BR>[Called By]<UL><LI><a href="#[1e]">&gt;&gt;</a>&nbsp;&nbsp;&nbsp;main
</UL>

<P><STRONG><a name="[41]"></a>open_app_process</STRONG> (Thumb, 76 bytes, Stack size 0 bytes, kernel.o(.text.open_app_process))
<BR><BR>[Stack]<UL><LI>Max Depth = 8<LI>Call Chain = open_app_process &rArr; delay_us
</UL>
<BR>[Calls]<UL><LI><a href="#[3c]">&gt;&gt;</a>&nbsp;&nbsp;&nbsp;delay_us
<LI><a href="#[42]">&gt;&gt;</a>&nbsp;&nbsp;&nbsp;is_systick_opened
<LI><a href="#[34]">&gt;&gt;</a>&nbsp;&nbsp;&nbsp;cb_systick_1ms
</UL>
<BR>[Called By]<UL><LI><a href="#[2a]">&gt;&gt;</a>&nbsp;&nbsp;&nbsp;$Super$$main
</UL>

<P><STRONG><a name="[3f]"></a>open_systick_irq</STRONG> (Thumb, 36 bytes, Stack size 0 bytes, os_beason.o(.text.open_systick_irq))
<BR><BR>[Called By]<UL><LI><a href="#[3d]">&gt;&gt;</a>&nbsp;&nbsp;&nbsp;init_board_global
</UL>

<P><STRONG><a name="[43]"></a>perform_led_display</STRONG> (Thumb, 288 bytes, Stack size 24 bytes, app_leds.o(.text.perform_led_display))
<BR><BR>[Stack]<UL><LI>Max Depth = 32<LI>Call Chain = perform_led_display &rArr; control_leds_condition
</UL>
<BR>[Calls]<UL><LI><a href="#[39]">&gt;&gt;</a>&nbsp;&nbsp;&nbsp;control_leds_condition
</UL>
<BR>[Called By]<UL><LI><a href="#[23]">&gt;&gt;</a>&nbsp;&nbsp;&nbsp;task_leds_display
</UL>

<P><STRONG><a name="[22]"></a>task_OLED_screen</STRONG> (Thumb, 64 bytes, Stack size 8 bytes, app_oled.o(.text.task_OLED_screen))
<BR><BR>[Stack]<UL><LI>Max Depth = 152<LI>Call Chain = task_OLED_screen &rArr; OLED_Init &rArr; APP_ConfigI2cMaster &rArr; LL_I2C_Init &rArr; __aeabi_uidiv
</UL>
<BR>[Calls]<UL><LI><a href="#[31]">&gt;&gt;</a>&nbsp;&nbsp;&nbsp;OLED_Init
<LI><a href="#[45]">&gt;&gt;</a>&nbsp;&nbsp;&nbsp;APP_MasterReceive
<LI><a href="#[44]">&gt;&gt;</a>&nbsp;&nbsp;&nbsp;APP_MasterTransmit
</UL>
<BR>[Address Reference Count : 1]<UL><LI> kernel.o(.data.APPS)
</UL>
<P><STRONG><a name="[21]"></a>task_idle_process</STRONG> (Thumb, 2 bytes, Stack size 0 bytes, kernel.o(.text.task_idle_process))
<BR>[Address Reference Count : 1]<UL><LI> kernel.o(.data.APPS)
</UL>
<P><STRONG><a name="[23]"></a>task_leds_display</STRONG> (Thumb, 104 bytes, Stack size 16 bytes, app_leds.o(.text.task_leds_display))
<BR><BR>[Stack]<UL><LI>Max Depth = 116<LI>Call Chain = task_leds_display &rArr; init_leds_object &rArr; configure_gpio_pattern &rArr; LL_GPIO_Init
</UL>
<BR>[Calls]<UL><LI><a href="#[43]">&gt;&gt;</a>&nbsp;&nbsp;&nbsp;perform_led_display
<LI><a href="#[40]">&gt;&gt;</a>&nbsp;&nbsp;&nbsp;init_leds_object
</UL>
<BR>[Address Reference Count : 1]<UL><LI> kernel.o(.data.APPS)
</UL>
<P><STRONG><a name="[51]"></a>__scatterload_copy</STRONG> (Thumb, 14 bytes, Stack size unknown bytes, handlers.o(i.__scatterload_copy), UNUSED)

<P><STRONG><a name="[52]"></a>__scatterload_null</STRONG> (Thumb, 2 bytes, Stack size unknown bytes, handlers.o(i.__scatterload_null), UNUSED)

<P><STRONG><a name="[53]"></a>__scatterload_zeroinit</STRONG> (Thumb, 14 bytes, Stack size unknown bytes, handlers.o(i.__scatterload_zeroinit), UNUSED)
<P>
<H3>
Local Symbols
</H3><P>
<H3>
Undefined Global Symbols
</H3><HR></body></html>
