<!doctype html public "-//w3c//dtd html 4.0 transitional//en">
<html><head>
<title>Static Call Graph - [.\Objects\Target.axf]</title></head>
<body><HR>
<H1>Static Call Graph for image .\Objects\Target.axf</H1><HR>
<BR><P>#&#060CALLGRAPH&#062# ARM Linker, 6230001: Last Updated: Wed Apr 30 13:36:03 2025
<BR><P>
<H3>Maximum Stack Usage =        152 bytes + Unknown(Cycles, Untraceable Function Pointers)</H3><H3>
Call chain for Maximum Stack Depth:</H3>
main &rArr; $Super$$main &rArr; LL_I2C_Init &rArr; __aeabi_uidiv
<P>
<H3>
Mutually Recursive functions
</H3> <LI><a href="#[10]">ADC_COMP_IRQHandler</a>&nbsp;&nbsp;&nbsp;&rArr;&nbsp;&nbsp;&nbsp;<a href="#[10]">ADC_COMP_IRQHandler</a><BR>
 <LI><a href="#[2]">HardFault_Handler</a>&nbsp;&nbsp;&nbsp;&rArr;&nbsp;&nbsp;&nbsp;<a href="#[2]">HardFault_Handler</a><BR>
</UL>
<P>
<H3>
Function Pointers
</H3><UL>
 <LI><a href="#[10]">ADC_COMP_IRQHandler</a> from startup_py32f030xx.o(.text) referenced from startup_py32f030xx.o(RESET)
 <LI><a href="#[e]">DMA1_Channel1_IRQHandler</a> from startup_py32f030xx.o(.text) referenced from startup_py32f030xx.o(RESET)
 <LI><a href="#[f]">DMA1_Channel2_3_IRQHandler</a> from startup_py32f030xx.o(.text) referenced from startup_py32f030xx.o(RESET)
 <LI><a href="#[b]">EXTI0_1_IRQHandler</a> from startup_py32f030xx.o(.text) referenced from startup_py32f030xx.o(RESET)
 <LI><a href="#[c]">EXTI2_3_IRQHandler</a> from startup_py32f030xx.o(.text) referenced from startup_py32f030xx.o(RESET)
 <LI><a href="#[d]">EXTI4_15_IRQHandler</a> from startup_py32f030xx.o(.text) referenced from startup_py32f030xx.o(RESET)
 <LI><a href="#[9]">FLASH_IRQHandler</a> from startup_py32f030xx.o(.text) referenced from startup_py32f030xx.o(RESET)
 <LI><a href="#[2]">HardFault_Handler</a> from py32f0xx_it.o(.text.HardFault_Handler) referenced from startup_py32f030xx.o(RESET)
 <LI><a href="#[18]">I2C1_IRQHandler</a> from py32f0xx_it.o(.text.I2C1_IRQHandler) referenced from startup_py32f030xx.o(RESET)
 <LI><a href="#[1d]">LED_IRQHandler</a> from startup_py32f030xx.o(.text) referenced from startup_py32f030xx.o(RESET)
 <LI><a href="#[14]">LPTIM1_IRQHandler</a> from startup_py32f030xx.o(.text) referenced from startup_py32f030xx.o(RESET)
 <LI><a href="#[1]">NMI_Handler</a> from py32f0xx_it.o(.text.NMI_Handler) referenced from startup_py32f030xx.o(RESET)
 <LI><a href="#[7]">PVD_IRQHandler</a> from startup_py32f030xx.o(.text) referenced from startup_py32f030xx.o(RESET)
 <LI><a href="#[4]">PendSV_Handler</a> from py32f0xx_it.o(.text.PendSV_Handler) referenced from startup_py32f030xx.o(RESET)
 <LI><a href="#[a]">RCC_IRQHandler</a> from startup_py32f030xx.o(.text) referenced from startup_py32f030xx.o(RESET)
 <LI><a href="#[8]">RTC_IRQHandler</a> from startup_py32f030xx.o(.text) referenced from startup_py32f030xx.o(RESET)
 <LI><a href="#[0]">Reset_Handler</a> from startup_py32f030xx.o(.text) referenced from startup_py32f030xx.o(RESET)
 <LI><a href="#[19]">SPI1_IRQHandler</a> from startup_py32f030xx.o(.text) referenced from startup_py32f030xx.o(RESET)
 <LI><a href="#[1a]">SPI2_IRQHandler</a> from startup_py32f030xx.o(.text) referenced from startup_py32f030xx.o(RESET)
 <LI><a href="#[3]">SVC_Handler</a> from py32f0xx_it.o(.text.SVC_Handler) referenced from startup_py32f030xx.o(RESET)
 <LI><a href="#[5]">SysTick_Handler</a> from py32f0xx_it.o(.text.SysTick_Handler) referenced from startup_py32f030xx.o(RESET)
 <LI><a href="#[1f]">SystemInit</a> from system_py32f0xx.o(.text.SystemInit) referenced from startup_py32f030xx.o(.text)
 <LI><a href="#[15]">TIM14_IRQHandler</a> from startup_py32f030xx.o(.text) referenced from startup_py32f030xx.o(RESET)
 <LI><a href="#[16]">TIM16_IRQHandler</a> from startup_py32f030xx.o(.text) referenced from startup_py32f030xx.o(RESET)
 <LI><a href="#[17]">TIM17_IRQHandler</a> from startup_py32f030xx.o(.text) referenced from startup_py32f030xx.o(RESET)
 <LI><a href="#[11]">TIM1_BRK_UP_TRG_COM_IRQHandler</a> from startup_py32f030xx.o(.text) referenced from startup_py32f030xx.o(RESET)
 <LI><a href="#[12]">TIM1_CC_IRQHandler</a> from startup_py32f030xx.o(.text) referenced from startup_py32f030xx.o(RESET)
 <LI><a href="#[13]">TIM3_IRQHandler</a> from startup_py32f030xx.o(.text) referenced from startup_py32f030xx.o(RESET)
 <LI><a href="#[1b]">USART1_IRQHandler</a> from startup_py32f030xx.o(.text) referenced from startup_py32f030xx.o(RESET)
 <LI><a href="#[1c]">USART2_IRQHandler</a> from startup_py32f030xx.o(.text) referenced from startup_py32f030xx.o(RESET)
 <LI><a href="#[6]">WWDG_IRQHandler</a> from startup_py32f030xx.o(.text) referenced from startup_py32f030xx.o(RESET)
 <LI><a href="#[20]">__main</a> from entry.o(.ARM.Collect$$$$00000000) referenced from startup_py32f030xx.o(.text)
 <LI><a href="#[1e]">main</a> from system_py32f0xx.o(.text.$Sub$$main) referenced from entry9a.o(.ARM.Collect$$$$0000000B)
</UL>
<P>
<H3>
Global Symbols
</H3>
<P><STRONG><a name="[20]"></a>__main</STRONG> (Thumb, 0 bytes, Stack size unknown bytes, entry.o(.ARM.Collect$$$$00000000))
<BR>[Address Reference Count : 1]<UL><LI> startup_py32f030xx.o(.text)
</UL>
<P><STRONG><a name="[2e]"></a>_main_stk</STRONG> (Thumb, 0 bytes, Stack size unknown bytes, entry2.o(.ARM.Collect$$$$00000001))

<P><STRONG><a name="[21]"></a>_main_scatterload</STRONG> (Thumb, 0 bytes, Stack size unknown bytes, entry5.o(.ARM.Collect$$$$00000004))
<BR><BR>[Calls]<UL><LI><a href="#[22]">&gt;&gt;</a>&nbsp;&nbsp;&nbsp;__scatterload
</UL>

<P><STRONG><a name="[23]"></a>__main_after_scatterload</STRONG> (Thumb, 0 bytes, Stack size unknown bytes, entry5.o(.ARM.Collect$$$$00000004))
<BR><BR>[Called By]<UL><LI><a href="#[22]">&gt;&gt;</a>&nbsp;&nbsp;&nbsp;__scatterload
</UL>

<P><STRONG><a name="[2f]"></a>_main_clock</STRONG> (Thumb, 0 bytes, Stack size unknown bytes, entry7b.o(.ARM.Collect$$$$00000008))

<P><STRONG><a name="[30]"></a>_main_cpp_init</STRONG> (Thumb, 0 bytes, Stack size unknown bytes, entry8b.o(.ARM.Collect$$$$0000000A))

<P><STRONG><a name="[31]"></a>_main_init</STRONG> (Thumb, 0 bytes, Stack size unknown bytes, entry9a.o(.ARM.Collect$$$$0000000B))

<P><STRONG><a name="[32]"></a>__rt_final_cpp</STRONG> (Thumb, 0 bytes, Stack size unknown bytes, entry10a.o(.ARM.Collect$$$$0000000D))

<P><STRONG><a name="[33]"></a>__rt_final_exit</STRONG> (Thumb, 0 bytes, Stack size unknown bytes, entry11a.o(.ARM.Collect$$$$0000000F))

<P><STRONG><a name="[0]"></a>Reset_Handler</STRONG> (Thumb, 8 bytes, Stack size 0 bytes, startup_py32f030xx.o(.text))
<BR>[Address Reference Count : 1]<UL><LI> startup_py32f030xx.o(RESET)
</UL>
<P><STRONG><a name="[10]"></a>ADC_COMP_IRQHandler</STRONG> (Thumb, 0 bytes, Stack size 0 bytes, startup_py32f030xx.o(.text))
<BR><BR>[Calls]<UL><LI><a href="#[10]">&gt;&gt;</a>&nbsp;&nbsp;&nbsp;ADC_COMP_IRQHandler
</UL>
<BR>[Called By]<UL><LI><a href="#[10]">&gt;&gt;</a>&nbsp;&nbsp;&nbsp;ADC_COMP_IRQHandler
</UL>
<BR>[Address Reference Count : 1]<UL><LI> startup_py32f030xx.o(RESET)
</UL>
<P><STRONG><a name="[e]"></a>DMA1_Channel1_IRQHandler</STRONG> (Thumb, 0 bytes, Stack size 0 bytes, startup_py32f030xx.o(.text))
<BR>[Address Reference Count : 1]<UL><LI> startup_py32f030xx.o(RESET)
</UL>
<P><STRONG><a name="[f]"></a>DMA1_Channel2_3_IRQHandler</STRONG> (Thumb, 0 bytes, Stack size 0 bytes, startup_py32f030xx.o(.text))
<BR>[Address Reference Count : 1]<UL><LI> startup_py32f030xx.o(RESET)
</UL>
<P><STRONG><a name="[b]"></a>EXTI0_1_IRQHandler</STRONG> (Thumb, 0 bytes, Stack size 0 bytes, startup_py32f030xx.o(.text))
<BR>[Address Reference Count : 1]<UL><LI> startup_py32f030xx.o(RESET)
</UL>
<P><STRONG><a name="[c]"></a>EXTI2_3_IRQHandler</STRONG> (Thumb, 0 bytes, Stack size 0 bytes, startup_py32f030xx.o(.text))
<BR>[Address Reference Count : 1]<UL><LI> startup_py32f030xx.o(RESET)
</UL>
<P><STRONG><a name="[d]"></a>EXTI4_15_IRQHandler</STRONG> (Thumb, 0 bytes, Stack size 0 bytes, startup_py32f030xx.o(.text))
<BR>[Address Reference Count : 1]<UL><LI> startup_py32f030xx.o(RESET)
</UL>
<P><STRONG><a name="[9]"></a>FLASH_IRQHandler</STRONG> (Thumb, 0 bytes, Stack size 0 bytes, startup_py32f030xx.o(.text))
<BR>[Address Reference Count : 1]<UL><LI> startup_py32f030xx.o(RESET)
</UL>
<P><STRONG><a name="[1d]"></a>LED_IRQHandler</STRONG> (Thumb, 0 bytes, Stack size 0 bytes, startup_py32f030xx.o(.text))
<BR>[Address Reference Count : 1]<UL><LI> startup_py32f030xx.o(RESET)
</UL>
<P><STRONG><a name="[14]"></a>LPTIM1_IRQHandler</STRONG> (Thumb, 0 bytes, Stack size 0 bytes, startup_py32f030xx.o(.text))
<BR>[Address Reference Count : 1]<UL><LI> startup_py32f030xx.o(RESET)
</UL>
<P><STRONG><a name="[7]"></a>PVD_IRQHandler</STRONG> (Thumb, 0 bytes, Stack size 0 bytes, startup_py32f030xx.o(.text))
<BR>[Address Reference Count : 1]<UL><LI> startup_py32f030xx.o(RESET)
</UL>
<P><STRONG><a name="[a]"></a>RCC_IRQHandler</STRONG> (Thumb, 0 bytes, Stack size 0 bytes, startup_py32f030xx.o(.text))
<BR>[Address Reference Count : 1]<UL><LI> startup_py32f030xx.o(RESET)
</UL>
<P><STRONG><a name="[8]"></a>RTC_IRQHandler</STRONG> (Thumb, 0 bytes, Stack size 0 bytes, startup_py32f030xx.o(.text))
<BR>[Address Reference Count : 1]<UL><LI> startup_py32f030xx.o(RESET)
</UL>
<P><STRONG><a name="[19]"></a>SPI1_IRQHandler</STRONG> (Thumb, 0 bytes, Stack size 0 bytes, startup_py32f030xx.o(.text))
<BR>[Address Reference Count : 1]<UL><LI> startup_py32f030xx.o(RESET)
</UL>
<P><STRONG><a name="[1a]"></a>SPI2_IRQHandler</STRONG> (Thumb, 0 bytes, Stack size 0 bytes, startup_py32f030xx.o(.text))
<BR>[Address Reference Count : 1]<UL><LI> startup_py32f030xx.o(RESET)
</UL>
<P><STRONG><a name="[15]"></a>TIM14_IRQHandler</STRONG> (Thumb, 0 bytes, Stack size 0 bytes, startup_py32f030xx.o(.text))
<BR>[Address Reference Count : 1]<UL><LI> startup_py32f030xx.o(RESET)
</UL>
<P><STRONG><a name="[16]"></a>TIM16_IRQHandler</STRONG> (Thumb, 0 bytes, Stack size 0 bytes, startup_py32f030xx.o(.text))
<BR>[Address Reference Count : 1]<UL><LI> startup_py32f030xx.o(RESET)
</UL>
<P><STRONG><a name="[17]"></a>TIM17_IRQHandler</STRONG> (Thumb, 0 bytes, Stack size 0 bytes, startup_py32f030xx.o(.text))
<BR>[Address Reference Count : 1]<UL><LI> startup_py32f030xx.o(RESET)
</UL>
<P><STRONG><a name="[11]"></a>TIM1_BRK_UP_TRG_COM_IRQHandler</STRONG> (Thumb, 0 bytes, Stack size 0 bytes, startup_py32f030xx.o(.text))
<BR>[Address Reference Count : 1]<UL><LI> startup_py32f030xx.o(RESET)
</UL>
<P><STRONG><a name="[12]"></a>TIM1_CC_IRQHandler</STRONG> (Thumb, 0 bytes, Stack size 0 bytes, startup_py32f030xx.o(.text))
<BR>[Address Reference Count : 1]<UL><LI> startup_py32f030xx.o(RESET)
</UL>
<P><STRONG><a name="[13]"></a>TIM3_IRQHandler</STRONG> (Thumb, 0 bytes, Stack size 0 bytes, startup_py32f030xx.o(.text))
<BR>[Address Reference Count : 1]<UL><LI> startup_py32f030xx.o(RESET)
</UL>
<P><STRONG><a name="[1b]"></a>USART1_IRQHandler</STRONG> (Thumb, 0 bytes, Stack size 0 bytes, startup_py32f030xx.o(.text))
<BR>[Address Reference Count : 1]<UL><LI> startup_py32f030xx.o(RESET)
</UL>
<P><STRONG><a name="[1c]"></a>USART2_IRQHandler</STRONG> (Thumb, 0 bytes, Stack size 0 bytes, startup_py32f030xx.o(.text))
<BR>[Address Reference Count : 1]<UL><LI> startup_py32f030xx.o(RESET)
</UL>
<P><STRONG><a name="[6]"></a>WWDG_IRQHandler</STRONG> (Thumb, 0 bytes, Stack size 0 bytes, startup_py32f030xx.o(.text))
<BR>[Address Reference Count : 1]<UL><LI> startup_py32f030xx.o(RESET)
</UL>
<P><STRONG><a name="[28]"></a>__aeabi_uidiv</STRONG> (Thumb, 0 bytes, Stack size 16 bytes, uidiv_div0.o(.text))
<BR><BR>[Stack]<UL><LI>Max Depth = 16<LI>Call Chain = __aeabi_uidiv
</UL>
<BR>[Called By]<UL><LI><a href="#[26]">&gt;&gt;</a>&nbsp;&nbsp;&nbsp;LL_I2C_Init
<LI><a href="#[29]">&gt;&gt;</a>&nbsp;&nbsp;&nbsp;LL_Init1msTick
</UL>

<P><STRONG><a name="[34]"></a>__aeabi_uidivmod</STRONG> (Thumb, 62 bytes, Stack size 16 bytes, uidiv_div0.o(.text), UNUSED)

<P><STRONG><a name="[22]"></a>__scatterload</STRONG> (Thumb, 38 bytes, Stack size 0 bytes, init.o(.text))
<BR><BR>[Calls]<UL><LI><a href="#[23]">&gt;&gt;</a>&nbsp;&nbsp;&nbsp;__main_after_scatterload
</UL>
<BR>[Called By]<UL><LI><a href="#[21]">&gt;&gt;</a>&nbsp;&nbsp;&nbsp;_main_scatterload
</UL>

<P><STRONG><a name="[35]"></a>__scatterload_rt2</STRONG> (Thumb, 0 bytes, Stack size 0 bytes, init.o(.text), UNUSED)

<P><STRONG><a name="[1e]"></a>main</STRONG> (Thumb, 36 bytes, Stack size 8 bytes, system_py32f0xx.o(.text.$Sub$$main))
<BR><BR>[Stack]<UL><LI>Max Depth = 152<LI>Call Chain = main &rArr; $Super$$main &rArr; LL_I2C_Init &rArr; __aeabi_uidiv
</UL>
<BR>[Calls]<UL><LI><a href="#[24]">&gt;&gt;</a>&nbsp;&nbsp;&nbsp;$Super$$main
</UL>
<BR>[Address Reference Count : 1]<UL><LI> entry9a.o(.ARM.Collect$$$$0000000B)
</UL>
<P><STRONG><a name="[25]"></a>APP_MasterIRQCallback</STRONG> (Thumb, 640 bytes, Stack size 20 bytes, main.o(.text.APP_MasterIRQCallback))
<BR><BR>[Stack]<UL><LI>Max Depth = 20<LI>Call Chain = APP_MasterIRQCallback
</UL>
<BR>[Called By]<UL><LI><a href="#[18]">&gt;&gt;</a>&nbsp;&nbsp;&nbsp;I2C1_IRQHandler
</UL>

<P><STRONG><a name="[2d]"></a>BSP_PB_GetState</STRONG> (Thumb, 16 bytes, Stack size 0 bytes, py32f030xx_ll_start_kit.o(.text.BSP_PB_GetState))
<BR><BR>[Called By]<UL><LI><a href="#[24]">&gt;&gt;</a>&nbsp;&nbsp;&nbsp;$Super$$main
</UL>

<P><STRONG><a name="[2b]"></a>BSP_PB_Init</STRONG> (Thumb, 96 bytes, Stack size 12 bytes, py32f030xx_ll_start_kit.o(.text.BSP_PB_Init))
<BR><BR>[Stack]<UL><LI>Max Depth = 12<LI>Call Chain = BSP_PB_Init
</UL>
<BR>[Called By]<UL><LI><a href="#[24]">&gt;&gt;</a>&nbsp;&nbsp;&nbsp;$Super$$main
</UL>

<P><STRONG><a name="[2]"></a>HardFault_Handler</STRONG> (Thumb, 2 bytes, Stack size 0 bytes, py32f0xx_it.o(.text.HardFault_Handler))
<BR><BR>[Calls]<UL><LI><a href="#[2]">&gt;&gt;</a>&nbsp;&nbsp;&nbsp;HardFault_Handler
</UL>
<BR>[Called By]<UL><LI><a href="#[2]">&gt;&gt;</a>&nbsp;&nbsp;&nbsp;HardFault_Handler
</UL>
<BR>[Address Reference Count : 1]<UL><LI> startup_py32f030xx.o(RESET)
</UL>
<P><STRONG><a name="[18]"></a>I2C1_IRQHandler</STRONG> (Thumb, 8 bytes, Stack size 8 bytes, py32f0xx_it.o(.text.I2C1_IRQHandler))
<BR><BR>[Stack]<UL><LI>Max Depth = 28<LI>Call Chain = I2C1_IRQHandler &rArr; APP_MasterIRQCallback
</UL>
<BR>[Calls]<UL><LI><a href="#[25]">&gt;&gt;</a>&nbsp;&nbsp;&nbsp;APP_MasterIRQCallback
</UL>
<BR>[Address Reference Count : 1]<UL><LI> startup_py32f030xx.o(RESET)
</UL>
<P><STRONG><a name="[2c]"></a>LL_GPIO_Init</STRONG> (Thumb, 176 bytes, Stack size 28 bytes, py32f0xx_ll_gpio.o(.text.LL_GPIO_Init))
<BR><BR>[Stack]<UL><LI>Max Depth = 28<LI>Call Chain = LL_GPIO_Init
</UL>
<BR>[Called By]<UL><LI><a href="#[24]">&gt;&gt;</a>&nbsp;&nbsp;&nbsp;$Super$$main
</UL>

<P><STRONG><a name="[26]"></a>LL_I2C_Init</STRONG> (Thumb, 200 bytes, Stack size 48 bytes, py32f0xx_ll_i2c.o(.text.LL_I2C_Init))
<BR><BR>[Stack]<UL><LI>Max Depth = 64<LI>Call Chain = LL_I2C_Init &rArr; __aeabi_uidiv
</UL>
<BR>[Calls]<UL><LI><a href="#[28]">&gt;&gt;</a>&nbsp;&nbsp;&nbsp;__aeabi_uidiv
<LI><a href="#[27]">&gt;&gt;</a>&nbsp;&nbsp;&nbsp;LL_RCC_GetSystemClocksFreq
</UL>
<BR>[Called By]<UL><LI><a href="#[24]">&gt;&gt;</a>&nbsp;&nbsp;&nbsp;$Super$$main
</UL>

<P><STRONG><a name="[29]"></a>LL_Init1msTick</STRONG> (Thumb, 28 bytes, Stack size 8 bytes, py32f0xx_ll_utils.o(.text.LL_Init1msTick))
<BR><BR>[Stack]<UL><LI>Max Depth = 24<LI>Call Chain = LL_Init1msTick &rArr; __aeabi_uidiv
</UL>
<BR>[Calls]<UL><LI><a href="#[28]">&gt;&gt;</a>&nbsp;&nbsp;&nbsp;__aeabi_uidiv
</UL>
<BR>[Called By]<UL><LI><a href="#[24]">&gt;&gt;</a>&nbsp;&nbsp;&nbsp;$Super$$main
</UL>

<P><STRONG><a name="[27]"></a>LL_RCC_GetSystemClocksFreq</STRONG> (Thumb, 120 bytes, Stack size 8 bytes, py32f0xx_ll_rcc.o(.text.LL_RCC_GetSystemClocksFreq))
<BR><BR>[Stack]<UL><LI>Max Depth = 8<LI>Call Chain = LL_RCC_GetSystemClocksFreq
</UL>
<BR>[Called By]<UL><LI><a href="#[26]">&gt;&gt;</a>&nbsp;&nbsp;&nbsp;LL_I2C_Init
</UL>

<P><STRONG><a name="[2a]"></a>LL_SetSystemCoreClock</STRONG> (Thumb, 8 bytes, Stack size 0 bytes, py32f0xx_ll_utils.o(.text.LL_SetSystemCoreClock))
<BR><BR>[Called By]<UL><LI><a href="#[24]">&gt;&gt;</a>&nbsp;&nbsp;&nbsp;$Super$$main
</UL>

<P><STRONG><a name="[1]"></a>NMI_Handler</STRONG> (Thumb, 2 bytes, Stack size 0 bytes, py32f0xx_it.o(.text.NMI_Handler))
<BR>[Address Reference Count : 1]<UL><LI> startup_py32f030xx.o(RESET)
</UL>
<P><STRONG><a name="[4]"></a>PendSV_Handler</STRONG> (Thumb, 2 bytes, Stack size 0 bytes, py32f0xx_it.o(.text.PendSV_Handler))
<BR>[Address Reference Count : 1]<UL><LI> startup_py32f030xx.o(RESET)
</UL>
<P><STRONG><a name="[3]"></a>SVC_Handler</STRONG> (Thumb, 2 bytes, Stack size 0 bytes, py32f0xx_it.o(.text.SVC_Handler))
<BR>[Address Reference Count : 1]<UL><LI> startup_py32f030xx.o(RESET)
</UL>
<P><STRONG><a name="[5]"></a>SysTick_Handler</STRONG> (Thumb, 2 bytes, Stack size 0 bytes, py32f0xx_it.o(.text.SysTick_Handler))
<BR>[Address Reference Count : 1]<UL><LI> startup_py32f030xx.o(RESET)
</UL>
<P><STRONG><a name="[1f]"></a>SystemInit</STRONG> (Thumb, 32 bytes, Stack size 0 bytes, system_py32f0xx.o(.text.SystemInit))
<BR>[Address Reference Count : 1]<UL><LI> startup_py32f030xx.o(.text)
</UL>
<P><STRONG><a name="[24]"></a>$Super$$main</STRONG> (Thumb, 388 bytes, Stack size 80 bytes, main.o(.text.main))
<BR><BR>[Stack]<UL><LI>Max Depth = 144<LI>Call Chain = $Super$$main &rArr; LL_I2C_Init &rArr; __aeabi_uidiv
</UL>
<BR>[Calls]<UL><LI><a href="#[2d]">&gt;&gt;</a>&nbsp;&nbsp;&nbsp;BSP_PB_GetState
<LI><a href="#[26]">&gt;&gt;</a>&nbsp;&nbsp;&nbsp;LL_I2C_Init
<LI><a href="#[2c]">&gt;&gt;</a>&nbsp;&nbsp;&nbsp;LL_GPIO_Init
<LI><a href="#[2b]">&gt;&gt;</a>&nbsp;&nbsp;&nbsp;BSP_PB_Init
<LI><a href="#[2a]">&gt;&gt;</a>&nbsp;&nbsp;&nbsp;LL_SetSystemCoreClock
<LI><a href="#[29]">&gt;&gt;</a>&nbsp;&nbsp;&nbsp;LL_Init1msTick
</UL>
<BR>[Called By]<UL><LI><a href="#[1e]">&gt;&gt;</a>&nbsp;&nbsp;&nbsp;main
</UL>

<P><STRONG><a name="[36]"></a>__scatterload_copy</STRONG> (Thumb, 14 bytes, Stack size unknown bytes, handlers.o(i.__scatterload_copy), UNUSED)

<P><STRONG><a name="[37]"></a>__scatterload_null</STRONG> (Thumb, 2 bytes, Stack size unknown bytes, handlers.o(i.__scatterload_null), UNUSED)

<P><STRONG><a name="[38]"></a>__scatterload_zeroinit</STRONG> (Thumb, 14 bytes, Stack size unknown bytes, handlers.o(i.__scatterload_zeroinit), UNUSED)
<P>
<H3>
Local Symbols
</H3><P>
<H3>
Undefined Global Symbols
</H3><HR></body></html>
