<html>
<body>
<pre>
<h1>µVision Build Log</h1>
<h2>Tool Versions:</h2>
IDE-Version: ¦ÌVision V5.42.0.0
Copyright (C) 2025 ARM Ltd and ARM Germany GmbH. All rights reserved.
License Information: Hu John, Spin, LIC=----
 
Tool Versions:
Toolchain:       MDK-Lite  Version: 5.42.0.0
Toolchain Path:  C:\Keil_v5\ARM\ARMCLANG\Bin
C Compiler:      ArmClang.exe V6.23
Assembler:       Armasm.exe V6.23
Linker/Locator:  ArmLink.exe V6.23
Library Manager: ArmAr.exe V6.23
Hex Converter:   FromElf.exe V6.23
CPU DLL:         SARMCM3.DLL V5.42.0.0
Dialog DLL:      DARMCM1.DLL V1.19.6.0
Target DLL:      CMSIS_AGDI.dll V1.33.22.0
Dialog DLL:      TARMCM1.DLL V1.14.6.0
 
<h2>Project:</h2>
D:\JohnHu\Github_private\Pan7420_Kit\spec\PAN742_LL_SDK_V1.0\Projects\PY32F030-STK\Example_LL\I2C\I2C_TwoBoard_CommunicationMaster_IT_Init\MDK-ARM\Project.uvprojx
Project File Date:  04/30/2025

<h2>Output:</h2>
*** Using Compiler 'V6.23', folder: 'C:\Keil_v5\ARM\ARMCLANG\Bin'
Rebuild target 'Target'
compiling py32f0xx_ll_gpio.c...
compiling py32f030xx_ll_Start_Kit.c...
assembling startup_py32f030xx.s...
compiling py32f0xx_it.c...
compiling system_py32f0xx.c...
compiling main.c...
compiling py32f0xx_ll_utils.c...
compiling py32f0xx_ll_rcc.c...
compiling py32f0xx_ll_i2c.c...
linking...
Program Size: Code=2116 RO-data=352 RW-data=216 ZI-data=1056  
FromELF: creating hex file...
".\Objects\Target.axf" - 0 Error(s), 0 Warning(s).

<h2>Software Packages used:</h2>

Package Vendor: Puya
                https://www.puyasemi.com/uploadfiles/Puya.PY32F0xx_DFP.1.2.2.pack
                Puya::PY32F0xx_DFP@1.2.2
                Puya PY32F0 Series Device Support

<h2>Collection of Component include folders:</h2>
  C:/Arm/Packs/Puya/PY32F0xx_DFP/1.2.2/Drivers/CMSIS/Device/PY32F0xx/Include

<h2>Collection of Component Files used:</h2>
Build Time Elapsed:  00:00:41
</pre>
</body>
</html>
